Archive member included because of file (symbol)

/home/abhiarora/eclipse/Arduino/hardware/tools/gcc-arm-none-eabi-4.8.3-2014q1/bin/../lib/gcc/arm-none-eabi/4.8.3/../../../../arm-none-eabi/lib/armv6-m/libc_s.a(lib_a-exit.o)
                              /home/abhiarora/eclipse/Arduino/hardware/tools/gcc-arm-none-eabi-4.8.3-2014q1/bin/../lib/gcc/arm-none-eabi/4.8.3/../../../../arm-none-eabi/lib/armv6-m/crt0.o (exit)
/home/abhiarora/eclipse/Arduino/hardware/tools/gcc-arm-none-eabi-4.8.3-2014q1/bin/../lib/gcc/arm-none-eabi/4.8.3/../../../../arm-none-eabi/lib/armv6-m/libc_s.a(lib_a-impure.o)
                              /home/abhiarora/eclipse/Arduino/hardware/tools/gcc-arm-none-eabi-4.8.3-2014q1/bin/../lib/gcc/arm-none-eabi/4.8.3/../../../../arm-none-eabi/lib/armv6-m/libc_s.a(lib_a-exit.o) (_global_impure_ptr)
/home/abhiarora/eclipse/Arduino/hardware/tools/gcc-arm-none-eabi-4.8.3-2014q1/bin/../lib/gcc/arm-none-eabi/4.8.3/../../../../arm-none-eabi/lib/armv6-m/libc_s.a(lib_a-init.o)
                              /home/abhiarora/eclipse/Arduino/hardware/tools/gcc-arm-none-eabi-4.8.3-2014q1/bin/../lib/gcc/arm-none-eabi/4.8.3/../../../../arm-none-eabi/lib/armv6-m/crt0.o (__libc_init_array)
/home/abhiarora/eclipse/Arduino/hardware/tools/gcc-arm-none-eabi-4.8.3-2014q1/bin/../lib/gcc/arm-none-eabi/4.8.3/../../../../arm-none-eabi/lib/armv6-m/libc_s.a(lib_a-memset.o)
                              /home/abhiarora/eclipse/Arduino/hardware/tools/gcc-arm-none-eabi-4.8.3-2014q1/bin/../lib/gcc/arm-none-eabi/4.8.3/../../../../arm-none-eabi/lib/armv6-m/crt0.o (memset)
/home/abhiarora/eclipse/Arduino/hardware/tools/gcc-arm-none-eabi-4.8.3-2014q1/bin/../lib/gcc/arm-none-eabi/4.8.3/../../../../arm-none-eabi/lib/armv6-m/libnosys.a(_exit.o)
                              /home/abhiarora/eclipse/Arduino/hardware/tools/gcc-arm-none-eabi-4.8.3-2014q1/bin/../lib/gcc/arm-none-eabi/4.8.3/../../../../arm-none-eabi/lib/armv6-m/libc_s.a(lib_a-exit.o) (_exit)
/home/abhiarora/eclipse/Arduino/hardware/tools/gcc-arm-none-eabi-4.8.3-2014q1/bin/../lib/gcc/arm-none-eabi/4.8.3/armv6-m/libgcc.a(_udivsi3.o)
                              _build/pstorage_nosd.o (__aeabi_uidiv)
/home/abhiarora/eclipse/Arduino/hardware/tools/gcc-arm-none-eabi-4.8.3-2014q1/bin/../lib/gcc/arm-none-eabi/4.8.3/armv6-m/libgcc.a(_dvmd_tls.o)
                              /home/abhiarora/eclipse/Arduino/hardware/tools/gcc-arm-none-eabi-4.8.3-2014q1/bin/../lib/gcc/arm-none-eabi/4.8.3/armv6-m/libgcc.a(_udivsi3.o) (__aeabi_idiv0)
/home/abhiarora/eclipse/Arduino/hardware/tools/gcc-arm-none-eabi-4.8.3-2014q1/bin/../lib/gcc/arm-none-eabi/4.8.3/../../../../arm-none-eabi/lib/armv6-m/libc_s.a(lib_a-memcmp.o)
                              _build/main.o (memcmp)
/home/abhiarora/eclipse/Arduino/hardware/tools/gcc-arm-none-eabi-4.8.3-2014q1/bin/../lib/gcc/arm-none-eabi/4.8.3/../../../../arm-none-eabi/lib/armv6-m/libc_s.a(lib_a-memcpy-stub.o)
                              _build/app_mw_ble_gap.o (memcpy)
/home/abhiarora/eclipse/Arduino/hardware/tools/gcc-arm-none-eabi-4.8.3-2014q1/bin/../lib/gcc/arm-none-eabi/4.8.3/../../../../arm-none-eabi/lib/armv6-m/libc_s.a(lib_a-strlen.o)
                              _build/ble_srv_common.o (strlen)

Allocating common symbols
Common symbol       size              file

m_app_user_mem_table
                    0xc               _build/app_ble_user_mem.o
m_app_keys_table    0x38              _build/app_ble_gap_sec_keys.o

Discarded input sections

 .text          0x0000000000000000        0x0 /home/abhiarora/eclipse/Arduino/hardware/tools/gcc-arm-none-eabi-4.8.3-2014q1/bin/../lib/gcc/arm-none-eabi/4.8.3/armv6-m/crti.o
 .data          0x0000000000000000        0x0 /home/abhiarora/eclipse/Arduino/hardware/tools/gcc-arm-none-eabi-4.8.3-2014q1/bin/../lib/gcc/arm-none-eabi/4.8.3/armv6-m/crti.o
 .bss           0x0000000000000000        0x0 /home/abhiarora/eclipse/Arduino/hardware/tools/gcc-arm-none-eabi-4.8.3-2014q1/bin/../lib/gcc/arm-none-eabi/4.8.3/armv6-m/crti.o
 .data          0x0000000000000000        0x4 /home/abhiarora/eclipse/Arduino/hardware/tools/gcc-arm-none-eabi-4.8.3-2014q1/bin/../lib/gcc/arm-none-eabi/4.8.3/armv6-m/crtbegin.o
 .data          0x0000000000000000        0x0 /home/abhiarora/eclipse/Arduino/hardware/tools/gcc-arm-none-eabi-4.8.3-2014q1/bin/../lib/gcc/arm-none-eabi/4.8.3/../../../../arm-none-eabi/lib/armv6-m/crt0.o
 .bss           0x0000000000000000        0x0 /home/abhiarora/eclipse/Arduino/hardware/tools/gcc-arm-none-eabi-4.8.3-2014q1/bin/../lib/gcc/arm-none-eabi/4.8.3/../../../../arm-none-eabi/lib/armv6-m/crt0.o
 .ARM.extab     0x0000000000000000        0x0 /home/abhiarora/eclipse/Arduino/hardware/tools/gcc-arm-none-eabi-4.8.3-2014q1/bin/../lib/gcc/arm-none-eabi/4.8.3/../../../../arm-none-eabi/lib/armv6-m/crt0.o
 .text          0x0000000000000000        0x0 /home/abhiarora/eclipse/Arduino/hardware/tools/gcc-arm-none-eabi-4.8.3-2014q1/bin/../lib/gcc/arm-none-eabi/4.8.3/../../../../arm-none-eabi/lib/armv6-m/libc_s.a(lib_a-exit.o)
[...]
Memory Configuration

Name             Origin             Length             Attributes
FLASH            0x0000000000000000 0x0000000000040000 xr
RAM              0x0000000020000000 0x0000000000008000 xrw
*default*        0x0000000000000000 0xffffffffffffffff

Linker script and memory map

LOAD /home/abhiarora/eclipse/Arduino/hardware/tools/gcc-arm-none-eabi-4.8.3-2014q1/bin/../lib/gcc/arm-none-eabi/4.8.3/armv6-m/crti.o
LOAD /home/abhiarora/eclipse/Arduino/hardware/tools/gcc-arm-none-eabi-4.8.3-2014q1/bin/../lib/gcc/arm-none-eabi/4.8.3/armv6-m/crtbegin.o
LOAD /home/abhiarora/eclipse/Arduino/hardware/tools/gcc-arm-none-eabi-4.8.3-2014q1/bin/../lib/gcc/arm-none-eabi/4.8.3/../../../../arm-none-eabi/lib/armv6-m/crt0.o
LOAD /home/abhiarora/eclipse/Arduino/hardware/tools/gcc-arm-none-eabi-4.8.3-2014q1/bin/../lib/gcc/arm-none-eabi/4.8.3/../../../../arm-none-eabi/lib/armv6-m/libc_s.a
LOAD /home/abhiarora/eclipse/Arduino/hardware/tools/gcc-arm-none-eabi-4.8.3-2014q1/bin/../lib/gcc/arm-none-eabi/4.8.3/../../../../arm-none-eabi/lib/armv6-m/libnosys.a
LOAD _build/app_ble_gap_sec_keys.o
LOAD _build/app_ble_user_mem.o
LOAD _build/app_mw_ble.o
LOAD _build/app_mw_ble_gap.o
LOAD _build/app_mw_ble_gattc.o
LOAD _build/app_mw_ble_gatts.o
LOAD _build/app_mw_ble_l2cap.o
LOAD _build/app_mw_nrf_soc.o
LOAD _build/ble_enable.o
LOAD _build/ble_event.o
LOAD _build/ble_evt_tx_complete.o
LOAD _build/ble_evt_user_mem_release.o
LOAD _build/ble_evt_user_mem_request.o
LOAD _build/ble_gap_address_get.o
LOAD _build/ble_gap_address_set.o
LOAD _build/ble_gap_adv_data_set.o
LOAD _build/ble_gap_adv_start.o
LOAD _build/ble_gap_adv_stop.o
LOAD _build/ble_gap_appearance_get.o
LOAD _build/ble_gap_appearance_set.o
LOAD _build/ble_gap_auth_key_reply.o
LOAD _build/ble_gap_authenticate.o
LOAD _build/ble_gap_conn_param_update.o
LOAD _build/ble_gap_conn_sec_get.o
LOAD _build/ble_gap_connect.o
LOAD _build/ble_gap_connect_cancel.o
LOAD _build/ble_gap_device_name_get.o
LOAD _build/ble_gap_device_name_set.o
LOAD _build/ble_gap_disconnect.o
LOAD _build/ble_gap_encrypt.o
LOAD _build/ble_gap_evt_adv_report.o
LOAD _build/ble_gap_evt_auth_key_request.o
LOAD _build/ble_gap_evt_auth_status.o
LOAD _build/ble_gap_evt_conn_param_update.o
LOAD _build/ble_gap_evt_conn_param_update_request.o
LOAD _build/ble_gap_evt_conn_sec_update.o
LOAD _build/ble_gap_evt_connected.o
LOAD _build/ble_gap_evt_disconnected.o
LOAD _build/ble_gap_evt_passkey_display.o
LOAD _build/ble_gap_evt_rssi_changed.o
LOAD _build/ble_gap_evt_scan_req_report.o
LOAD _build/ble_gap_evt_sec_info_request.o
LOAD _build/ble_gap_evt_sec_params_request.o
LOAD _build/ble_gap_evt_sec_request.o
LOAD _build/ble_gap_evt_timeout.o
LOAD _build/ble_gap_ppcp_get.o
LOAD _build/ble_gap_ppcp_set.o
LOAD _build/ble_gap_rssi_get.o
LOAD _build/ble_gap_rssi_start.o
LOAD _build/ble_gap_rssi_stop.o
LOAD _build/ble_gap_scan_start.o
LOAD _build/ble_gap_scan_stop.o
LOAD _build/ble_gap_sec_info_reply.o
LOAD _build/ble_gap_sec_params_reply.o
LOAD _build/ble_gap_struct_serialization.o
LOAD _build/ble_gap_tx_power_set.o
LOAD _build/ble_gattc_char_value_by_uuid_read.o
LOAD _build/ble_gattc_char_values_read.o
LOAD _build/ble_gattc_characteristics_discover.o
LOAD _build/ble_gattc_descriptors_discover.o
LOAD _build/ble_gattc_evt_char_disc_rsp.o
LOAD _build/ble_gattc_evt_char_val_by_uuid_read_rsp.o
LOAD _build/ble_gattc_evt_char_vals_read_rsp.o
LOAD _build/ble_gattc_evt_desc_disc_rsp.o
LOAD _build/ble_gattc_evt_hvx.o
LOAD _build/ble_gattc_evt_prim_srvc_disc_rsp.o
LOAD _build/ble_gattc_evt_read_rsp.o
LOAD _build/ble_gattc_evt_rel_disc_rsp.o
LOAD _build/ble_gattc_evt_timeout.o
LOAD _build/ble_gattc_evt_write_rsp.o
LOAD _build/ble_gattc_hv_confirm.o
LOAD _build/ble_gattc_primary_services_discover.o
LOAD _build/ble_gattc_read.o
LOAD _build/ble_gattc_relationships_discover.o
LOAD _build/ble_gattc_struct_serialization.o
LOAD _build/ble_gattc_write.o
LOAD _build/ble_gatts_characteristic_add.o
LOAD _build/ble_gatts_descriptor_add.o
LOAD _build/ble_gatts_evt_hvc.o
LOAD _build/ble_gatts_evt_rw_authorize_request.o
LOAD _build/ble_gatts_evt_sc_confirm.o
LOAD _build/ble_gatts_evt_sys_attr_missing.o
LOAD _build/ble_gatts_evt_timeout.o
LOAD _build/ble_gatts_evt_write.o
LOAD _build/ble_gatts_hvx.o
LOAD _build/ble_gatts_include_add.o
LOAD _build/ble_gatts_rw_authorize_reply.o
LOAD _build/ble_gatts_service_add.o
LOAD _build/ble_gatts_service_changed.o
LOAD _build/ble_gatts_struct_serialization.o
LOAD _build/ble_gatts_sys_attr_get.o
LOAD _build/ble_gatts_sys_attr_set.o
LOAD _build/ble_gatts_value_get.o
LOAD _build/ble_gatts_value_set.o
LOAD _build/ble_l2cap_cid_register.o
LOAD _build/ble_l2cap_cid_unregister.o
LOAD _build/ble_l2cap_evt_rx.o
LOAD _build/ble_l2cap_tx.o
LOAD _build/ble_opt_get.o
LOAD _build/ble_opt_set.o
LOAD _build/ble_serialization.o
LOAD _build/ble_struct_serialization.o
LOAD _build/ble_tx_buffer_count_get.o
LOAD _build/ble_user_mem_reply.o
LOAD _build/ble_uuid_decode.o
LOAD _build/ble_uuid_encode.o
LOAD _build/ble_uuid_vs_add.o
LOAD _build/ble_version_get.o
LOAD _build/cond_field_serialization.o
LOAD _build/power_system_off.o
LOAD _build/ser_app_hal_nrf51.o
LOAD _build/ser_app_power_system_off.o
LOAD _build/ser_hal_transport.o
LOAD _build/ser_phy_hci.o
LOAD _build/ser_phy_hci_slip.o
LOAD _build/ser_sd_transport.o
LOAD _build/ser_softdevice_handler.o
LOAD _build/temp_get.o
LOAD _build/app_error.o
LOAD _build/app_mailbox.o
LOAD _build/app_scheduler.o
LOAD _build/app_timer.o
LOAD _build/app_util_platform.o
LOAD _build/crc16.o
LOAD _build/nrf_assert.o
LOAD _build/app_uart.o
LOAD _build/ble_flash.o
LOAD _build/nrf_delay.o
LOAD _build/nrf_drv_common.o
LOAD _build/nrf_drv_uart.o
LOAD _build/nrf_soc.o
LOAD _build/pstorage_nosd.o
LOAD _build/client_handling.o
LOAD _build/main.o
LOAD _build/ble_advdata.o
LOAD _build/ble_conn_params.o
LOAD _build/ble_db_discovery.o
LOAD _build/ble_srv_common.o
LOAD _build/device_manager_central.o
LOAD _build/system_nrf51.o
LOAD _build/softdevice_handler.o
LOAD _build/gcc_startup_nrf51.o
START GROUP
LOAD /home/abhiarora/eclipse/Arduino/hardware/tools/gcc-arm-none-eabi-4.8.3-2014q1/bin/../lib/gcc/arm-none-eabi/4.8.3/armv6-m/libgcc.a
LOAD /home/abhiarora/eclipse/Arduino/hardware/tools/gcc-arm-none-eabi-4.8.3-2014q1/bin/../lib/gcc/arm-none-eabi/4.8.3/../../../../arm-none-eabi/lib/armv6-m/libc_s.a
END GROUP
START GROUP
LOAD /home/abhiarora/eclipse/Arduino/hardware/tools/gcc-arm-none-eabi-4.8.3-2014q1/bin/../lib/gcc/arm-none-eabi/4.8.3/armv6-m/libgcc.a
LOAD /home/abhiarora/eclipse/Arduino/hardware/tools/gcc-arm-none-eabi-4.8.3-2014q1/bin/../lib/gcc/arm-none-eabi/4.8.3/../../../../arm-none-eabi/lib/armv6-m/libc_s.a
END GROUP
LOAD /home/abhiarora/eclipse/Arduino/hardware/tools/gcc-arm-none-eabi-4.8.3-2014q1/bin/../lib/gcc/arm-none-eabi/4.8.3/armv6-m/crtend.o
LOAD /home/abhiarora/eclipse/Arduino/hardware/tools/gcc-arm-none-eabi-4.8.3-2014q1/bin/../lib/gcc/arm-none-eabi/4.8.3/armv6-m/crtn.o
START GROUP
LOAD /home/abhiarora/eclipse/Arduino/hardware/tools/gcc-arm-none-eabi-4.8.3-2014q1/bin/../lib/gcc/arm-none-eabi/4.8.3/armv6-m/libgcc.a
LOAD /home/abhiarora/eclipse/Arduino/hardware/tools/gcc-arm-none-eabi-4.8.3-2014q1/bin/../lib/gcc/arm-none-eabi/4.8.3/../../../../arm-none-eabi/lib/armv6-m/libc.a
LOAD /home/abhiarora/eclipse/Arduino/hardware/tools/gcc-arm-none-eabi-4.8.3-2014q1/bin/../lib/gcc/arm-none-eabi/4.8.3/../../../../arm-none-eabi/lib/armv6-m/libnosys.a
END GROUP

.fs_data_out    0x0000000000000000        0x0
                0x0000000000000000                PROVIDE (__start_fs_data, .)
 *(fs_data)
                0x0000000000000000                PROVIDE (__stop_fs_data, .)

.text           0x0000000000000000     0x8fb0
 *(.Vectors)
 .Vectors       0x0000000000000000       0xc0 _build/gcc_startup_nrf51.o
                0x0000000000000000                __Vectors
 *(.text*)
 .text          0x00000000000000c0       0x60 /home/abhiarora/eclipse/Arduino/hardware/tools/gcc-arm-none-eabi-4.8.3-2014q1/bin/../lib/gcc/arm-none-eabi/4.8.3/armv6-m/crtbegin.o
 .text          0x0000000000000120       0x78 /home/abhiarora/eclipse/Arduino/hardware/tools/gcc-arm-none-eabi-4.8.3-2014q1/bin/../lib/gcc/arm-none-eabi/4.8.3/../../../../arm-none-eabi/lib/armv6-m/crt0.o
                0x0000000000000120                _mainCRTStartup
                0x0000000000000120                _start
 .text.exit     0x0000000000000198       0x2c /home/abhiarora/eclipse/Arduino/hardware/tools/gcc-arm-none-eabi-4.8.3-2014q1/bin/../lib/gcc/arm-none-eabi/4.8.3/../../../../arm-none-eabi/lib/armv6-m/libc_s.a(lib_a-exit.o)
                0x0000000000000198                exit
 .text.__libc_init_array
                0x00000000000001c4       0x4c /home/abhiarora/eclipse/Arduino/hardware/tools/gcc-arm-none-eabi-4.8.3-2014q1/bin/../lib/gcc/arm-none-eabi/4.8.3/../../../../arm-none-eabi/lib/armv6-m/libc_s.a(lib_a-init.o)
                0x00000000000001c4                __libc_init_array
 .text.memset   0x0000000000000210       0x10 /home/abhiarora/eclipse/Arduino/hardware/tools/gcc-arm-none-eabi-4.8.3-2014q1/bin/../lib/gcc/arm-none-eabi/4.8.3/../../../../arm-none-eabi/lib/armv6-m/libc_s.a(lib_a-memset.o)
                0x0000000000000210                memset
 .text._exit    0x0000000000000220        0x4 /home/abhiarora/eclipse/Arduino/hardware/tools/gcc-arm-none-eabi-4.8.3-2014q1/bin/../lib/gcc/arm-none-eabi/4.8.3/../../../../arm-none-eabi/lib/armv6-m/libnosys.a(_exit.o)
                0x0000000000000220                _exit
 .text.app_ble_gap_sec_context_create
                0x0000000000000224       0x34 _build/app_ble_gap_sec_keys.o
                0x0000000000000224                app_ble_gap_sec_context_create
 .text.app_ble_gap_sec_context_destroy
                0x0000000000000258       0x30 _build/app_ble_gap_sec_keys.o
                0x0000000000000258                app_ble_gap_sec_context_destroy
 .text.app_ble_gap_sec_context_find
                0x0000000000000288       0x30 _build/app_ble_gap_sec_keys.o
                0x0000000000000288                app_ble_gap_sec_context_find
 .text.app_ble_user_mem_context_destroy
                0x00000000000002b8       0x18 _build/app_ble_user_mem.o
                0x00000000000002b8                app_ble_user_mem_context_destroy
 .text.app_ble_user_mem_context_find
                0x00000000000002d0       0x24 _build/app_ble_user_mem.o
                0x00000000000002d0                app_ble_user_mem_context_find
 .text.uuid_vs_add_rsp_dec
                0x00000000000002f4       0x24 _build/app_mw_ble.o
 .text.enable_rsp_dec
                0x0000000000000318       0x1c _build/app_mw_ble.o
 .text.sd_ble_uuid_vs_add
                0x0000000000000334       0x5c _build/app_mw_ble.o
                0x0000000000000334                sd_ble_uuid_vs_add
 .text.sd_ble_enable
                0x0000000000000390       0x58 _build/app_mw_ble.o
                0x0000000000000390                sd_ble_enable
 .text.gap_sec_params_reply_rsp_dec
                0x00000000000003e8       0x44 _build/app_mw_ble_gap.o
 .text.gap_authenticate_rsp_dec
                0x000000000000042c       0x20 _build/app_mw_ble_gap.o
 .text.gap_scan_stop_rsp_dec
                0x000000000000044c       0x20 _build/app_mw_ble_gap.o
 .text.gap_connect_rsp_dec
                0x000000000000046c       0x20 _build/app_mw_ble_gap.o
 .text.gap_scan_start_rsp_dec
                0x000000000000048c       0x20 _build/app_mw_ble_gap.o
 .text.gap_encrypt_rsp_dec
                0x00000000000004ac       0x20 _build/app_mw_ble_gap.o
 .text.sd_ble_gap_sec_params_reply
                0x00000000000004cc       0xa4 _build/app_mw_ble_gap.o
                0x00000000000004cc                sd_ble_gap_sec_params_reply
 .text.sd_ble_gap_authenticate
                0x0000000000000570       0x58 _build/app_mw_ble_gap.o
                0x0000000000000570                sd_ble_gap_authenticate
 .text.sd_ble_gap_scan_stop
                0x00000000000005c8       0x50 _build/app_mw_ble_gap.o
                0x00000000000005c8                sd_ble_gap_scan_stop
 .text.sd_ble_gap_connect
                0x0000000000000618       0x5c _build/app_mw_ble_gap.o
                0x0000000000000618                sd_ble_gap_connect
 .text.sd_ble_gap_scan_start
                0x0000000000000674       0x54 _build/app_mw_ble_gap.o
                0x0000000000000674                sd_ble_gap_scan_start
 .text.sd_ble_gap_encrypt
                0x00000000000006c8       0x5c _build/app_mw_ble_gap.o
                0x00000000000006c8                sd_ble_gap_encrypt
 .text.gattc_primary_services_discover_rsp_dec
                0x0000000000000724       0x1c _build/app_mw_ble_gattc.o
 .text.gattc_characteristics_discover_rsp_dec
                0x0000000000000740       0x1c _build/app_mw_ble_gattc.o
 .text.gattc_descriptors_discover_rsp_dec
                0x000000000000075c       0x1c _build/app_mw_ble_gattc.o
 .text.gattc_write_rsp_dec
                0x0000000000000778       0x1c _build/app_mw_ble_gattc.o
 .text.sd_ble_gattc_primary_services_discover
                0x0000000000000794       0x5c _build/app_mw_ble_gattc.o
                0x0000000000000794                sd_ble_gattc_primary_services_discover
 .text.sd_ble_gattc_characteristics_discover
                0x00000000000007f0       0x58 _build/app_mw_ble_gattc.o
                0x00000000000007f0                sd_ble_gattc_characteristics_discover
 .text.sd_ble_gattc_descriptors_discover
                0x0000000000000848       0x58 _build/app_mw_ble_gattc.o
                0x0000000000000848                sd_ble_gattc_descriptors_discover
 .text.sd_ble_gattc_write
                0x00000000000008a0       0x58 _build/app_mw_ble_gattc.o
                0x00000000000008a0                sd_ble_gattc_write
 .text.gatts_sys_attr_set_rsp_dec
                0x00000000000008f8       0x1c _build/app_mw_ble_gatts.o
 .text.gatts_sys_attr_get_rsp_dec
                0x0000000000000914       0x28 _build/app_mw_ble_gatts.o
 .text.sd_ble_gatts_sys_attr_set
                0x000000000000093c       0x68 _build/app_mw_ble_gatts.o
                0x000000000000093c                sd_ble_gatts_sys_attr_set
 .text.sd_ble_gatts_sys_attr_get
                0x00000000000009a4       0x74 _build/app_mw_ble_gatts.o
                0x00000000000009a4                sd_ble_gatts_sys_attr_get
 .text.ble_enable_req_enc
                0x0000000000000a18       0x44 _build/ble_enable.o
                0x0000000000000a18                ble_enable_req_enc
 .text.ble_enable_rsp_dec
                0x0000000000000a5c        0xc _build/ble_enable.o
                0x0000000000000a5c                ble_enable_rsp_dec
 .text.ble_event_dec
                0x0000000000000a68      0x1c8 _build/ble_event.o
                0x0000000000000a68                ble_event_dec
 .text.ble_evt_tx_complete_dec
                0x0000000000000c30       0x74 _build/ble_evt_tx_complete.o
                0x0000000000000c30                ble_evt_tx_complete_dec
 .text.ble_evt_user_mem_release_dec
                0x0000000000000ca4       0xb0 _build/ble_evt_user_mem_release.o
                0x0000000000000ca4                ble_evt_user_mem_release_dec
 .text.ble_evt_user_mem_request_dec
                0x0000000000000d54       0x64 _build/ble_evt_user_mem_request.o
                0x0000000000000d54                ble_evt_user_mem_request_dec
 .text.ble_gap_authenticate_req_enc
                0x0000000000000db8       0x60 _build/ble_gap_authenticate.o
                0x0000000000000db8                ble_gap_authenticate_req_enc
 .text.ble_gap_authenticate_rsp_dec
                0x0000000000000e18        0xc _build/ble_gap_authenticate.o
                0x0000000000000e18                ble_gap_authenticate_rsp_dec
 .text.ble_gap_connect_req_enc
                0x0000000000000e24       0x94 _build/ble_gap_connect.o
                0x0000000000000e24                ble_gap_connect_req_enc
 .text.ble_gap_connect_rsp_dec
                0x0000000000000eb8        0xc _build/ble_gap_connect.o
                0x0000000000000eb8                ble_gap_connect_rsp_dec
 .text.ble_gap_encrypt_req_enc
                0x0000000000000ec4       0xa8 _build/ble_gap_encrypt.o
                0x0000000000000ec4                ble_gap_encrypt_req_enc
 .text.ble_gap_encrypt_rsp_dec
                0x0000000000000f6c        0xc _build/ble_gap_encrypt.o
                0x0000000000000f6c                ble_gap_encrypt_rsp_dec
 .text.ble_gap_evt_adv_report_dec
                0x0000000000000f78       0xd8 _build/ble_gap_evt_adv_report.o
                0x0000000000000f78                ble_gap_evt_adv_report_dec
 .text.ble_gap_evt_auth_key_request_dec
                0x0000000000001050       0x70 _build/ble_gap_evt_auth_key_request.o
                0x0000000000001050                ble_gap_evt_auth_key_request_dec
 .text.ble_gap_evt_auth_status_dec
                0x00000000000010c0       0x9c _build/ble_gap_evt_auth_status.o
                0x00000000000010c0                ble_gap_evt_auth_status_dec
 .text.ble_gap_evt_conn_param_update_dec
                0x000000000000115c       0x9c _build/ble_gap_evt_conn_param_update.o
                0x000000000000115c                ble_gap_evt_conn_param_update_dec
 .text.ble_gap_evt_conn_param_update_request_dec
                0x00000000000011f8       0x9c _build/ble_gap_evt_conn_param_update_request.o
                0x00000000000011f8                ble_gap_evt_conn_param_update_request_dec
 .text.ble_gap_evt_conn_sec_update_dec
                0x0000000000001294       0x98 _build/ble_gap_evt_conn_sec_update.o
                0x0000000000001294                ble_gap_evt_conn_sec_update_dec
 .text.ble_gap_evt_connected_dec
                0x000000000000132c       0x70 _build/ble_gap_evt_connected.o
                0x000000000000132c                ble_gap_evt_connected_dec
 .text.ble_gap_evt_disconnected_dec
                0x000000000000139c       0x70 _build/ble_gap_evt_disconnected.o
                0x000000000000139c                ble_gap_evt_disconnected_dec
 .text.ble_gap_evt_passkey_display_dec
                0x000000000000140c       0x74 _build/ble_gap_evt_passkey_display.o
                0x000000000000140c                ble_gap_evt_passkey_display_dec
 .text.ble_gap_evt_rssi_changed_dec
                0x0000000000001480       0x70 _build/ble_gap_evt_rssi_changed.o
                0x0000000000001480                ble_gap_evt_rssi_changed_dec
 .text.ble_gap_evt_scan_req_report_dec
                0x00000000000014f0       0x84 _build/ble_gap_evt_scan_req_report.o
                0x00000000000014f0                ble_gap_evt_scan_req_report_dec
 .text.ble_gap_evt_sec_info_request_dec
                0x0000000000001574       0x74 _build/ble_gap_evt_sec_info_request.o
                0x0000000000001574                ble_gap_evt_sec_info_request_dec
 .text.ble_gap_evt_sec_params_request_dec
                0x00000000000015e8       0x78 _build/ble_gap_evt_sec_params_request.o
                0x00000000000015e8                ble_gap_evt_sec_params_request_dec
 .text.ble_gap_evt_sec_request_dec
                0x0000000000001660       0x70 _build/ble_gap_evt_sec_request.o
                0x0000000000001660                ble_gap_evt_sec_request_dec
 .text.ble_gap_evt_timeout_dec
                0x00000000000016d0       0x60 _build/ble_gap_evt_timeout.o
                0x00000000000016d0                ble_gap_evt_timeout_dec
 .text.ble_gap_scan_start_req_enc
                0x0000000000001730       0x50 _build/ble_gap_scan_start.o
                0x0000000000001730                ble_gap_scan_start_req_enc
 .text.ble_gap_scan_start_rsp_dec
                0x0000000000001780        0xc _build/ble_gap_scan_start.o
                0x0000000000001780                ble_gap_scan_start_rsp_dec
 .text.ble_gap_scan_stop_req_enc
                0x000000000000178c       0x34 _build/ble_gap_scan_stop.o
                0x000000000000178c                ble_gap_scan_stop_req_enc
 .text.ble_gap_scan_stop_rsp_dec
                0x00000000000017c0        0xc _build/ble_gap_scan_stop.o
                0x00000000000017c0                ble_gap_scan_stop_rsp_dec
 .text.ble_gap_sec_params_reply_req_enc
                0x00000000000017cc       0xa4 _build/ble_gap_sec_params_reply.o
                0x00000000000017cc                ble_gap_sec_params_reply_req_enc
 .text.ble_gap_sec_params_reply_rsp_dec
                0x0000000000001870       0x64 _build/ble_gap_sec_params_reply.o
                0x0000000000001870                ble_gap_sec_params_reply_rsp_dec
 .text.ble_gap_irk_enc
                0x00000000000018d4       0x28 _build/ble_gap_struct_serialization.o
                0x00000000000018d4                ble_gap_irk_enc
 .text.ble_gap_addr_enc
                0x00000000000018fc       0x34 _build/ble_gap_struct_serialization.o
                0x00000000000018fc                ble_gap_addr_enc
 .text.ble_gap_addr_dec
                0x0000000000001930       0x34 _build/ble_gap_struct_serialization.o
                0x0000000000001930                ble_gap_addr_dec
 .text.ble_gap_sign_info_enc
                0x0000000000001964       0x28 _build/ble_gap_struct_serialization.o
                0x0000000000001964                ble_gap_sign_info_enc
 .text.ble_gap_sign_info_dec
                0x000000000000198c       0x28 _build/ble_gap_struct_serialization.o
                0x000000000000198c                ble_gap_sign_info_dec
 .text.ble_gap_whitelist_t_enc
                0x00000000000019b4       0xd4 _build/ble_gap_struct_serialization.o
                0x00000000000019b4                ble_gap_whitelist_t_enc
 .text.ble_gap_enc_key_t_enc
                0x0000000000001a88       0x8c _build/ble_gap_struct_serialization.o
                0x0000000000001a88                ble_gap_enc_key_t_enc
 .text.ble_gap_id_key_t_dec
                0x0000000000001b14       0x64 _build/ble_gap_struct_serialization.o
                0x0000000000001b14                ble_gap_id_key_t_dec
 .text.ble_gap_id_key_t_enc
                0x0000000000001b78       0x64 _build/ble_gap_struct_serialization.o
                0x0000000000001b78                ble_gap_id_key_t_enc
 .text.ble_gap_enc_key_t_dec
                0x0000000000001bdc       0x8c _build/ble_gap_struct_serialization.o
                0x0000000000001bdc                ble_gap_enc_key_t_dec
 .text.ble_gap_evt_auth_status_t_dec
                0x0000000000001c68      0x190 _build/ble_gap_struct_serialization.o
                0x0000000000001c68                ble_gap_evt_auth_status_t_dec
 .text.ble_gap_evt_sec_info_request_t_dec
                0x0000000000001df8       0xa0 _build/ble_gap_struct_serialization.o
                0x0000000000001df8                ble_gap_evt_sec_info_request_t_dec
 .text.ble_gap_evt_connected_t_dec
                0x0000000000001e98       0xf8 _build/ble_gap_struct_serialization.o
                0x0000000000001e98                ble_gap_evt_connected_t_dec
 .text.ble_gap_sec_params_t_enc
                0x0000000000001f90       0xd4 _build/ble_gap_struct_serialization.o
                0x0000000000001f90                ble_gap_sec_params_t_enc
 .text.ble_gap_evt_sec_params_request_t_dec
                0x0000000000002064      0x120 _build/ble_gap_struct_serialization.o
                0x0000000000002064                ble_gap_evt_sec_params_request_t_dec
 .text.ble_gap_conn_params_t_enc
                0x0000000000002184       0x44 _build/ble_gap_struct_serialization.o
                0x0000000000002184                ble_gap_conn_params_t_enc
 .text.ble_gap_scan_params_t_enc
                0x00000000000021c8       0x90 _build/ble_gap_struct_serialization.o
                0x00000000000021c8                ble_gap_scan_params_t_enc
 .text.ble_gap_sec_keyset_t_enc
                0x0000000000002258       0xb0 _build/ble_gap_struct_serialization.o
                0x0000000000002258                ble_gap_sec_keyset_t_enc
 .text.ble_gap_sec_keyset_t_dec
                0x0000000000002308       0xb8 _build/ble_gap_struct_serialization.o
                0x0000000000002308                ble_gap_sec_keyset_t_dec
 .text.ble_gap_evt_sec_request_t_dec
                0x00000000000023c0       0x44 _build/ble_gap_struct_serialization.o
                0x00000000000023c0                ble_gap_evt_sec_request_t_dec
 .text.ble_gattc_characteristics_discover_req_enc
                0x0000000000002404       0x58 _build/ble_gattc_characteristics_discover.o
                0x0000000000002404                ble_gattc_characteristics_discover_req_enc
 .text.ble_gattc_characteristics_discover_rsp_dec
                0x000000000000245c        0xc _build/ble_gattc_characteristics_discover.o
                0x000000000000245c                ble_gattc_characteristics_discover_rsp_dec
 .text.ble_gattc_descriptors_discover_req_enc
                0x0000000000002468       0x54 _build/ble_gattc_descriptors_discover.o
                0x0000000000002468                ble_gattc_descriptors_discover_req_enc
 .text.ble_gattc_descriptors_discover_rsp_dec
                0x00000000000024bc        0xc _build/ble_gattc_descriptors_discover.o
                0x00000000000024bc                ble_gattc_descriptors_discover_rsp_dec
 .text.ble_gattc_evt_char_disc_rsp_dec
                0x00000000000024c8      0x1cc _build/ble_gattc_evt_char_disc_rsp.o
                0x00000000000024c8                ble_gattc_evt_char_disc_rsp_dec
 .text.ble_gattc_evt_char_val_by_uuid_read_rsp_dec
                0x0000000000002694       0xb0 _build/ble_gattc_evt_char_val_by_uuid_read_rsp.o
                0x0000000000002694                ble_gattc_evt_char_val_by_uuid_read_rsp_dec
 .text.ble_gattc_evt_char_vals_read_rsp_dec
                0x0000000000002744       0x84 _build/ble_gattc_evt_char_vals_read_rsp.o
                0x0000000000002744                ble_gattc_evt_char_vals_read_rsp_dec
 .text.ble_gattc_evt_desc_disc_rsp_dec
                0x00000000000027c8      0x104 _build/ble_gattc_evt_desc_disc_rsp.o
                0x00000000000027c8                ble_gattc_evt_desc_disc_rsp_dec
 .text.ble_gattc_evt_hvx_dec
                0x00000000000028cc       0xdc _build/ble_gattc_evt_hvx.o
                0x00000000000028cc                ble_gattc_evt_hvx_dec
 .text.ble_gattc_evt_prim_srvc_disc_rsp_dec
                0x00000000000029a8      0x104 _build/ble_gattc_evt_prim_srvc_disc_rsp.o
                0x00000000000029a8                ble_gattc_evt_prim_srvc_disc_rsp_dec
 .text.ble_gattc_evt_read_rsp_dec
                0x0000000000002aac       0xdc _build/ble_gattc_evt_read_rsp.o
                0x0000000000002aac                ble_gattc_evt_read_rsp_dec
 .text.ble_gattc_evt_rel_disc_rsp_dec
                0x0000000000002b88       0x98 _build/ble_gattc_evt_rel_disc_rsp.o
                0x0000000000002b88                ble_gattc_evt_rel_disc_rsp_dec
 .text.ble_gattc_evt_timeout_dec
                0x0000000000002c20       0x74 _build/ble_gattc_evt_timeout.o
                0x0000000000002c20                ble_gattc_evt_timeout_dec
 .text.ble_gattc_evt_write_rsp_dec
                0x0000000000002c94       0xe8 _build/ble_gattc_evt_write_rsp.o
                0x0000000000002c94                ble_gattc_evt_write_rsp_dec
 .text.ble_gattc_primary_services_discover_req_enc
                0x0000000000002d7c       0x5c _build/ble_gattc_primary_services_discover.o
                0x0000000000002d7c                ble_gattc_primary_services_discover_req_enc
 .text.ble_gattc_primary_services_discover_rsp_dec
                0x0000000000002dd8        0xc _build/ble_gattc_primary_services_discover.o
                0x0000000000002dd8                ble_gattc_primary_services_discover_rsp_dec
 .text.ble_gattc_evt_char_val_by_uuid_read_rsp_t_dec
                0x0000000000002de4      0x10c _build/ble_gattc_struct_serialization.o
                0x0000000000002de4                ble_gattc_evt_char_val_by_uuid_read_rsp_t_dec
 .text.ble_gattc_evt_char_vals_read_rsp_t_dec
                0x0000000000002ef0       0x3c _build/ble_gattc_struct_serialization.o
                0x0000000000002ef0                ble_gattc_evt_char_vals_read_rsp_t_dec
 .text.ble_gattc_evt_rel_disc_rsp_t_dec
                0x0000000000002f2c       0x8c _build/ble_gattc_struct_serialization.o
                0x0000000000002f2c                ble_gattc_evt_rel_disc_rsp_t_dec
 .text.ble_gattc_write_req_enc
                0x0000000000002fb8       0x98 _build/ble_gattc_write.o
                0x0000000000002fb8                ble_gattc_write_req_enc
 .text.ble_gattc_write_rsp_dec
                0x0000000000003050        0xc _build/ble_gattc_write.o
                0x0000000000003050                ble_gattc_write_rsp_dec
 .text.ble_gatts_evt_hvc_dec
                0x000000000000305c       0x70 _build/ble_gatts_evt_hvc.o
                0x000000000000305c                ble_gatts_evt_hvc_dec
 .text.ble_gatts_evt_rw_authorize_request_dec
                0x00000000000030cc       0xc4 _build/ble_gatts_evt_rw_authorize_request.o
                0x00000000000030cc                ble_gatts_evt_rw_authorize_request_dec
 .text.ble_gatts_evt_sc_confirm_dec
                0x0000000000003190       0x54 _build/ble_gatts_evt_sc_confirm.o
                0x0000000000003190                ble_gatts_evt_sc_confirm_dec
 .text.ble_gatts_evt_sys_attr_missing_dec
                0x00000000000031e4       0x70 _build/ble_gatts_evt_sys_attr_missing.o
                0x00000000000031e4                ble_gatts_evt_sys_attr_missing_dec
 .text.ble_gatts_evt_timeout_dec
                0x0000000000003254       0x70 _build/ble_gatts_evt_timeout.o
                0x0000000000003254                ble_gatts_evt_timeout_dec
 .text.ble_gatts_evt_write_dec
                0x00000000000032c4       0xbc _build/ble_gatts_evt_write.o
                0x00000000000032c4                ble_gatts_evt_write_dec
 .text.ble_gatts_evt_write_t_dec
                0x0000000000003380      0x140 _build/ble_gatts_struct_serialization.o
                0x0000000000003380                ble_gatts_evt_write_t_dec
 .text.ble_gatts_evt_read_t_dec
                0x00000000000034c0       0xd8 _build/ble_gatts_struct_serialization.o
                0x00000000000034c0                ble_gatts_evt_read_t_dec
 .text.ble_gatts_evt_rw_authorize_request_t_dec
                0x0000000000003598       0xa4 _build/ble_gatts_struct_serialization.o
                0x0000000000003598                ble_gatts_evt_rw_authorize_request_t_dec
 .text.ble_gatts_enable_params_t_enc
                0x000000000000363c       0x34 _build/ble_gatts_struct_serialization.o
                0x000000000000363c                ble_gatts_enable_params_t_enc
 .text.ble_gatts_sys_attr_get_req_enc
                0x0000000000003670       0x7c _build/ble_gatts_sys_attr_get.o
                0x0000000000003670                ble_gatts_sys_attr_get_req_enc
 .text.ble_gatts_sys_attr_get_rsp_dec
                0x00000000000036ec       0xa4 _build/ble_gatts_sys_attr_get.o
                0x00000000000036ec                ble_gatts_sys_attr_get_rsp_dec
 .text.ble_gatts_sys_attr_set_req_enc
                0x0000000000003790       0x8c _build/ble_gatts_sys_attr_set.o
                0x0000000000003790                ble_gatts_sys_attr_set_req_enc
 .text.ble_gatts_sys_attr_set_rsp_dec
                0x000000000000381c        0xc _build/ble_gatts_sys_attr_set.o
                0x000000000000381c                ble_gatts_sys_attr_set_rsp_dec
 .text.ble_l2cap_evt_rx_dec
                0x0000000000003828       0x80 _build/ble_l2cap_evt_rx.o
                0x0000000000003828                ble_l2cap_evt_rx_dec
 .text.ser_ble_cmd_rsp_result_code_dec
                0x00000000000038a8       0x4c _build/ble_serialization.o
                0x00000000000038a8                ser_ble_cmd_rsp_result_code_dec
 .text.ser_ble_cmd_rsp_dec
                0x00000000000038f4       0x40 _build/ble_serialization.o
                0x00000000000038f4                ser_ble_cmd_rsp_dec
 .text.uint32_t_enc
                0x0000000000003934       0x38 _build/ble_serialization.o
                0x0000000000003934                uint32_t_enc
 .text.uint16_t_enc
                0x000000000000396c       0x20 _build/ble_serialization.o
                0x000000000000396c                uint16_t_enc
 .text.uint16_t_dec
                0x000000000000398c       0x24 _build/ble_serialization.o
                0x000000000000398c                uint16_t_dec
 .text.uint16_dec
                0x00000000000039b0       0x20 _build/ble_serialization.o
                0x00000000000039b0                uint16_dec
 .text.uint8_t_enc
                0x00000000000039d0       0x1c _build/ble_serialization.o
                0x00000000000039d0                uint8_t_enc
 .text.uint8_t_dec
                0x00000000000039ec       0x1c _build/ble_serialization.o
                0x00000000000039ec                uint8_t_dec
 .text.uint8_dec
                0x0000000000003a08       0x18 _build/ble_serialization.o
                0x0000000000003a08                uint8_dec
 .text.int8_dec
                0x0000000000003a20       0x18 _build/ble_serialization.o
                0x0000000000003a20                int8_dec
 .text.len16data_dec
                0x0000000000003a38       0x88 _build/ble_serialization.o
                0x0000000000003a38                len16data_dec
 .text.uint8_vector_dec
                0x0000000000003ac0       0x34 _build/ble_serialization.o
                0x0000000000003ac0                uint8_vector_dec
 .text.ble_uuid_t_dec
                0x0000000000003af4       0x30 _build/ble_struct_serialization.o
                0x0000000000003af4                ble_uuid_t_dec
 .text.ble_uuid128_t_enc
                0x0000000000003b24       0x28 _build/ble_struct_serialization.o
                0x0000000000003b24                ble_uuid128_t_enc
 .text.ble_l2cap_evt_rx_t_dec
                0x0000000000003b4c       0xa4 _build/ble_struct_serialization.o
                0x0000000000003b4c                ble_l2cap_evt_rx_t_dec
 .text.ble_enable_params_t_enc
                0x0000000000003bf0       0x1c _build/ble_struct_serialization.o
                0x0000000000003bf0                ble_enable_params_t_enc
 .text.ble_uuid_vs_add_req_enc
                0x0000000000003c0c       0x70 _build/ble_uuid_vs_add.o
                0x0000000000003c0c                ble_uuid_vs_add_req_enc
 .text.ble_uuid_vs_add_rsp_dec
                0x0000000000003c7c       0x60 _build/ble_uuid_vs_add.o
                0x0000000000003c7c                ble_uuid_vs_add_rsp_dec
 .text.cond_field_enc
                0x0000000000003cdc       0x34 _build/cond_field_serialization.o
                0x0000000000003cdc                cond_field_enc
 .text.cond_field_dec
                0x0000000000003d10       0x60 _build/cond_field_serialization.o
                0x0000000000003d10                cond_field_dec
 .text.ser_app_hal_hw_init
                0x0000000000003d70       0x38 _build/ser_app_hal_nrf51.o
                0x0000000000003d70                ser_app_hal_hw_init
 .text.ser_app_hal_delay
                0x0000000000003da8        0x8 _build/ser_app_hal_nrf51.o
                0x0000000000003da8                ser_app_hal_delay
 .text.ser_app_hal_nrf_reset_pin_clear
                0x0000000000003db0       0x14 _build/ser_app_hal_nrf51.o
                0x0000000000003db0                ser_app_hal_nrf_reset_pin_clear
 .text.ser_app_hal_nrf_reset_pin_set
                0x0000000000003dc4       0x10 _build/ser_app_hal_nrf51.o
                0x0000000000003dc4                ser_app_hal_nrf_reset_pin_set
 .text.ser_app_hal_nrf_evt_irq_priority_set
                0x0000000000003dd4       0x20 _build/ser_app_hal_nrf51.o
                0x0000000000003dd4                ser_app_hal_nrf_evt_irq_priority_set
 .text.ser_app_hal_nrf_evt_pending
                0x0000000000003df4       0x14 _build/ser_app_hal_nrf51.o
                0x0000000000003df4                ser_app_hal_nrf_evt_pending
 .text.ser_app_power_system_off_get
                0x0000000000003e08        0xc _build/ser_app_power_system_off.o
                0x0000000000003e08                ser_app_power_system_off_get
 .text.ser_app_power_system_off_enter
                0x0000000000003e14       0x10 _build/ser_app_power_system_off.o
                0x0000000000003e14                ser_app_power_system_off_enter
 .text.phy_events_handler
                0x0000000000003e24      0x220 _build/ser_hal_transport.o
 .text.ser_hal_transport_open
                0x0000000000004044       0x50 _build/ser_hal_transport.o
                0x0000000000004044                ser_hal_transport_open
 .text.ser_hal_transport_rx_pkt_free
                0x0000000000004094       0x60 _build/ser_hal_transport.o
                0x0000000000004094                ser_hal_transport_rx_pkt_free
 .text.ser_hal_transport_tx_pkt_alloc
                0x00000000000040f4       0x3c _build/ser_hal_transport.o
                0x00000000000040f4                ser_hal_transport_tx_pkt_alloc
 .text.ser_hal_transport_tx_pkt_send
                0x0000000000004130       0x60 _build/ser_hal_transport.o
                0x0000000000004130                ser_hal_transport_tx_pkt_send
 .text.hci_pkt_send
                0x0000000000004190       0xa8 _build/ser_phy_hci.o
 .text.hci_rx_fsm
                0x0000000000004238      0x20c _build/ser_phy_hci.o
 .text.hci_tx_fsm
                0x0000000000004444      0x2d0 _build/ser_phy_hci.o
 .text.hci_slip_event_handler
                0x0000000000004714      0x14c _build/ser_phy_hci.o
 .text.TIMER2_IRQHandler
                0x0000000000004860       0x94 _build/ser_phy_hci.o
                0x0000000000004860                TIMER2_IRQHandler
 .text.ser_phy_interrupts_enable
                0x00000000000048f4       0xf0 _build/ser_phy_hci.o
                0x00000000000048f4                ser_phy_interrupts_enable
 .text.ser_phy_interrupts_disable
                0x00000000000049e4       0x20 _build/ser_phy_hci.o
                0x00000000000049e4                ser_phy_interrupts_disable
 .text.ser_phy_rx_buf_set
                0x0000000000004a04       0x80 _build/ser_phy_hci.o
                0x0000000000004a04                ser_phy_rx_buf_set
 .text.ser_phy_tx_pkt_send
                0x0000000000004a84       0x84 _build/ser_phy_hci.o
                0x0000000000004a84                ser_phy_tx_pkt_send
 .text.ser_phy_open
                0x0000000000004b08       0xe4 _build/ser_phy_hci.o
                0x0000000000004b08                ser_phy_open
 .text.ser_phy_hci_tx_byte
                0x0000000000004bec      0x240 _build/ser_phy_hci_slip.o
 .text.ser_phy_uart_evt_callback
                0x0000000000004e2c      0x20c _build/ser_phy_hci_slip.o
 .text.ser_phy_hci_slip_tx_pkt_send
                0x0000000000005038       0x80 _build/ser_phy_hci_slip.o
                0x0000000000005038                ser_phy_hci_slip_tx_pkt_send
 .text.ser_phy_hci_slip_rx_buf_free
                0x00000000000050b8       0x44 _build/ser_phy_hci_slip.o
                0x00000000000050b8                ser_phy_hci_slip_rx_buf_free
 .text.ser_phy_hci_slip_open
                0x00000000000050fc       0x50 _build/ser_phy_hci_slip.o
                0x00000000000050fc                ser_phy_hci_slip_open
 .text.ser_sd_transport_hal_handler
                0x000000000000514c       0xd4 _build/ser_sd_transport.o
 .text.ser_sd_transport_open
                0x0000000000005220       0x40 _build/ser_sd_transport.o
                0x0000000000005220                ser_sd_transport_open
 .text.ser_sd_transport_is_busy
                0x0000000000005260        0xc _build/ser_sd_transport.o
                0x0000000000005260                ser_sd_transport_is_busy
 .text.ser_sd_transport_tx_alloc
                0x000000000000526c       0x1c _build/ser_sd_transport.o
                0x000000000000526c                ser_sd_transport_tx_alloc
 .text.ser_sd_transport_rx_free
                0x0000000000005288        0xc _build/ser_sd_transport.o
                0x0000000000005288                ser_sd_transport_rx_free
 .text.ser_sd_transport_cmd_write
                0x0000000000005294       0x58 _build/ser_sd_transport.o
                0x0000000000005294                ser_sd_transport_cmd_write
 .text.os_rsp_set_handler
                0x00000000000052ec        0x4 _build/ser_softdevice_handler.o
                0x00000000000052ec                os_rsp_set_handler
 .text.ser_sd_rsp_wait
                0x00000000000052f0       0x10 _build/ser_softdevice_handler.o
 .text.ser_softdevice_evt_handler
                0x0000000000005300       0x54 _build/ser_softdevice_handler.o
 .text.sd_evt_get
                0x0000000000005354        0x4 _build/ser_softdevice_handler.o
                0x0000000000005354                sd_evt_get
 .text.sd_ble_evt_get
                0x0000000000005358       0x2c _build/ser_softdevice_handler.o
                0x0000000000005358                sd_ble_evt_get
 .text.sd_softdevice_enable
                0x0000000000005384       0x58 _build/ser_softdevice_handler.o
                0x0000000000005384                sd_softdevice_enable
 .text.app_error_handler
                0x00000000000053dc       0x18 _build/app_error.o
                0x00000000000053dc                app_error_handler
 .text.app_mailbox_create
                0x00000000000053f4       0x18 _build/app_mailbox.o
                0x00000000000053f4                app_mailbox_create
 .text.app_mailbox_put
                0x000000000000540c       0x78 _build/app_mailbox.o
                0x000000000000540c                app_mailbox_put
 .text.app_mailbox_get
                0x0000000000005484       0x5c _build/app_mailbox.o
                0x0000000000005484                app_mailbox_get
 .text.app_mailbox_length_get
                0x00000000000054e0        0x8 _build/app_mailbox.o
                0x00000000000054e0                app_mailbox_length_get
 .text.rtc1_stop
                0x00000000000054e8       0x7c _build/app_timer.o
 .text.RTC1_IRQHandler
                0x0000000000005564       0xe8 _build/app_timer.o
                0x0000000000005564                RTC1_IRQHandler
 .text.SWI0_IRQHandler
                0x000000000000564c      0x458 _build/app_timer.o
                0x000000000000564c                SWI0_IRQHandler
 .text.critical_region_enter
                0x0000000000005aa4       0x10 _build/app_util_platform.o
                0x0000000000005aa4                critical_region_enter
 .text.critical_region_exit
                0x0000000000005ab4       0x14 _build/app_util_platform.o
                0x0000000000005ab4                critical_region_exit
 .text.crc16_compute
                0x0000000000005ac8       0x40 _build/crc16.o
                0x0000000000005ac8                crc16_compute
 .text.uart_event_handler
                0x0000000000005b08       0x6c _build/app_uart.o
                0x0000000000005b08                uart_event_handler
 .text.app_uart_init
                0x0000000000005b74       0x88 _build/app_uart.o
                0x0000000000005b74                app_uart_init
 .text.app_uart_put
                0x0000000000005bfc       0x28 _build/app_uart.o
                0x0000000000005bfc                app_uart_put
 .text.ble_flash_block_write
                0x0000000000005c24       0x8c _build/ble_flash.o
                0x0000000000005c24                ble_flash_block_write
 .text.ble_flash_page_erase
                0x0000000000005cb0       0x54 _build/ble_flash.o
                0x0000000000005cb0                ble_flash_page_erase
 .text.nrf_delay_ms
                0x0000000000005d04       0x3c _build/nrf_delay.o
                0x0000000000005d04                nrf_delay_ms
 .text.nrf_drv_common_irq_enable
                0x0000000000005d40       0x7c _build/nrf_drv_common.o
                0x0000000000005d40                nrf_drv_common_irq_enable
 .text.nrf_drv_uart_init
                0x0000000000005dbc      0x110 _build/nrf_drv_uart.o
                0x0000000000005dbc                nrf_drv_uart_init
 .text.nrf_drv_uart_tx
                0x0000000000005ecc       0xb4 _build/nrf_drv_uart.o
                0x0000000000005ecc                nrf_drv_uart_tx
 .text.nrf_drv_uart_rx
                0x0000000000005f80      0x104 _build/nrf_drv_uart.o
                0x0000000000005f80                nrf_drv_uart_rx
 .text.nrf_drv_uart_rx_enable
                0x0000000000006084       0x2c _build/nrf_drv_uart.o
                0x0000000000006084                nrf_drv_uart_rx_enable
 .text.UART0_IRQHandler
                0x00000000000060b0      0x164 _build/nrf_drv_uart.o
                0x00000000000060b0                UART0_IRQHandler
 .text.sd_nvic_EnableIRQ
                0x0000000000006214       0x18 _build/nrf_soc.o
                0x0000000000006214                sd_nvic_EnableIRQ
 .text.sd_app_evt_wait
                0x000000000000622c        0x8 _build/nrf_soc.o
                0x000000000000622c                sd_app_evt_wait
 .text.pstorage_init
                0x0000000000006234       0x54 _build/pstorage_nosd.o
                0x0000000000006234                pstorage_init
 .text.pstorage_register
                0x0000000000006288       0xdc _build/pstorage_nosd.o
                0x0000000000006288                pstorage_register
 .text.pstorage_block_identifier_get
                0x0000000000006364       0x50 _build/pstorage_nosd.o
                0x0000000000006364                pstorage_block_identifier_get
 .text.pstorage_store
                0x00000000000063b4       0x98 _build/pstorage_nosd.o
                0x00000000000063b4                pstorage_store
 .text.pstorage_update
                0x000000000000644c      0x1b4 _build/pstorage_nosd.o
                0x000000000000644c                pstorage_update
 .text.pstorage_load
                0x0000000000006600       0xa0 _build/pstorage_nosd.o
                0x0000000000006600                pstorage_load
 .text.pstorage_clear
                0x00000000000066a0       0xa0 _build/pstorage_nosd.o
                0x00000000000066a0                pstorage_clear
 .text.pstorage_sys_event_handler
                0x0000000000006740        0x4 _build/pstorage_nosd.o
                0x0000000000006740                pstorage_sys_event_handler
 .text.pstorage_access_status_get
                0x0000000000006744        0xc _build/pstorage_nosd.o
                0x0000000000006744                pstorage_access_status_get
 .text.db_discovery_evt_handler
                0x0000000000006750      0x10c _build/client_handling.o
 .text.client_handling_dm_event_handler
                0x000000000000685c       0x64 _build/client_handling.o
                0x000000000000685c                client_handling_dm_event_handler
 .text.client_handling_ble_evt_handler
                0x00000000000068c0      0x1ac _build/client_handling.o
                0x00000000000068c0                client_handling_ble_evt_handler
 .text.client_handling_init
                0x0000000000006a6c       0xb4 _build/client_handling.o
                0x0000000000006a6c                client_handling_init
 .text.client_handling_create
                0x0000000000006b20       0x70 _build/client_handling.o
                0x0000000000006b20                client_handling_create
 .text.client_handling_destroy
                0x0000000000006b90       0x74 _build/client_handling.o
                0x0000000000006b90                client_handling_destroy
 .text.ble_evt_dispatch
                0x0000000000006c04       0x9c _build/main.o
 .text.sys_evt_dispatch
                0x0000000000006ca0       0x5c _build/main.o
 .text.device_manager_event_handler
                0x0000000000006cfc      0x11c _build/main.o
 .text.assert_nrf_callback
                0x0000000000006e18       0x14 _build/main.o
                0x0000000000006e18                assert_nrf_callback
 .text.startup.main
                0x0000000000006e2c      0x1a4 _build/main.o
                0x0000000000006e2c                main
 .text.discovery_complete_evt_trigger
                0x0000000000006fd0       0xfc _build/ble_db_discovery.o
 .text.descriptors_discover
                0x00000000000070cc       0xb4 _build/ble_db_discovery.o
 .text.on_srv_disc_completion
                0x0000000000007180      0x11c _build/ble_db_discovery.o
 .text.ble_db_discovery_init
                0x000000000000729c       0x20 _build/ble_db_discovery.o
                0x000000000000729c                ble_db_discovery_init
 .text.ble_db_discovery_evt_register
                0x00000000000072bc       0x54 _build/ble_db_discovery.o
                0x00000000000072bc                ble_db_discovery_evt_register
 .text.ble_db_discovery_start
                0x0000000000007310       0x6c _build/ble_db_discovery.o
                0x0000000000007310                ble_db_discovery_start
 .text.ble_db_discovery_on_ble_evt
                0x000000000000737c      0x62c _build/ble_db_discovery.o
                0x000000000000737c                ble_db_discovery_on_ble_evt
 .text.storage_operation_dummy_handler
                0x00000000000079a8        0x4 _build/device_manager_central.o
 .text.no_service_context_store
                0x00000000000079ac        0x4 _build/device_manager_central.o
 .text.gattc_context_store
                0x00000000000079b0        0x4 _build/device_manager_central.o
 .text.no_service_context_load
                0x00000000000079b4        0x4 _build/device_manager_central.o
 .text.gattc_context_load
                0x00000000000079b8        0x4 _build/device_manager_central.o
 .text.no_service_context_apply
                0x00000000000079bc        0x4 _build/device_manager_central.o
 .text.gattc_context_apply
                0x00000000000079c0        0x4 _build/device_manager_central.o
 .text.gatts_context_apply
                0x00000000000079c4       0x58 _build/device_manager_central.o
 .text.gatts_context_store
                0x0000000000007a1c       0xbc _build/device_manager_central.o
 .text.gatts_context_load
                0x0000000000007ad8       0x38 _build/device_manager_central.o
 .text.dm_pstorage_cb_handler
                0x0000000000007b10      0x160 _build/device_manager_central.o
 .text.gattsc_context_load
                0x0000000000007c70       0x38 _build/device_manager_central.o
 .text.gattsc_context_apply
                0x0000000000007ca8       0x58 _build/device_manager_central.o
 .text.gattsc_context_store
                0x0000000000007d00       0xbc _build/device_manager_central.o
 .text.initiate_security_request
                0x0000000000007dbc       0x68 _build/device_manager_central.o
                0x0000000000007dbc                initiate_security_request
 .text.dm_init  0x0000000000007e24      0x134 _build/device_manager_central.o
                0x0000000000007e24                dm_init
 .text.dm_register
                0x0000000000007f58       0x5c _build/device_manager_central.o
                0x0000000000007f58                dm_register
 .text.dm_security_setup_req
                0x0000000000007fb4      0x16c _build/device_manager_central.o
                0x0000000000007fb4                dm_security_setup_req
 .text.dm_ble_evt_handler
                0x0000000000008120      0x798 _build/device_manager_central.o
                0x0000000000008120                dm_ble_evt_handler
 .text.SystemInit
                0x00000000000088b8       0x8c _build/system_nrf51.o
                0x00000000000088b8                SystemInit
 .text.softdevice_assertion_handler
                0x0000000000008944        0xc _build/softdevice_handler.o
                0x0000000000008944                softdevice_assertion_handler
 .text.intern_softdevice_events_execute
                0x0000000000008950       0xc4 _build/softdevice_handler.o
                0x0000000000008950                intern_softdevice_events_execute
 .text.softdevice_handler_init
                0x0000000000008a14       0x4c _build/softdevice_handler.o
                0x0000000000008a14                softdevice_handler_init
 .text.softdevice_ble_evt_handler_set
                0x0000000000008a60       0x14 _build/softdevice_handler.o
                0x0000000000008a60                softdevice_ble_evt_handler_set
 .text.softdevice_sys_evt_handler_set
                0x0000000000008a74       0x14 _build/softdevice_handler.o
                0x0000000000008a74                softdevice_sys_evt_handler_set
 .text.SWI2_IRQHandler
                0x0000000000008a88       0x28 _build/softdevice_handler.o
                0x0000000000008a88                SWI2_IRQHandler
 .text          0x0000000000008ab0       0x54 _build/gcc_startup_nrf51.o
                0x0000000000008ab0                Reset_Handler
                0x0000000000008af8                NMI_Handler
                0x0000000000008afa                HardFault_Handler
                0x0000000000008afc                SVC_Handler
                0x0000000000008afe                PendSV_Handler
                0x0000000000008b00                SysTick_Handler
                0x0000000000008b02                SPI0_TWI0_IRQHandler
                0x0000000000008b02                RTC0_IRQHandler
                0x0000000000008b02                GPIOTE_IRQHandler
                0x0000000000008b02                POWER_CLOCK_IRQHandler
                0x0000000000008b02                RADIO_IRQHandler
                0x0000000000008b02                LPCOMP_IRQHandler
                0x0000000000008b02                SWI4_IRQHandler
                0x0000000000008b02                TEMP_IRQHandler
                0x0000000000008b02                QDEC_IRQHandler
                0x0000000000008b02                SWI5_IRQHandler
                0x0000000000008b02                TIMER0_IRQHandler
                0x0000000000008b02                TIMER1_IRQHandler
                0x0000000000008b02                ECB_IRQHandler
                0x0000000000008b02                Default_Handler
                0x0000000000008b02                ADC_IRQHandler
                0x0000000000008b02                SWI3_IRQHandler
                0x0000000000008b02                CCM_AAR_IRQHandler
                0x0000000000008b02                WDT_IRQHandler
                0x0000000000008b02                RNG_IRQHandler
                0x0000000000008b02                SPI1_TWI1_IRQHandler
                0x0000000000008b02                SWI1_IRQHandler
 .text          0x0000000000008b04       0x9c /home/abhiarora/eclipse/Arduino/hardware/tools/gcc-arm-none-eabi-4.8.3-2014q1/bin/../lib/gcc/arm-none-eabi/4.8.3/armv6-m/libgcc.a(_udivsi3.o)
                0x0000000000008b04                __udivsi3
                0x0000000000008b04                __aeabi_uidiv
                0x0000000000008b8c                __aeabi_uidivmod
 .text          0x0000000000008ba0        0x4 /home/abhiarora/eclipse/Arduino/hardware/tools/gcc-arm-none-eabi-4.8.3-2014q1/bin/../lib/gcc/arm-none-eabi/4.8.3/armv6-m/libgcc.a(_dvmd_tls.o)
                0x0000000000008ba0                __aeabi_ldiv0
                0x0000000000008ba0                __aeabi_idiv0
 .text.memcmp   0x0000000000008ba4       0x1e /home/abhiarora/eclipse/Arduino/hardware/tools/gcc-arm-none-eabi-4.8.3-2014q1/bin/../lib/gcc/arm-none-eabi/4.8.3/../../../../arm-none-eabi/lib/armv6-m/libc_s.a(lib_a-memcmp.o)
                0x0000000000008ba4                memcmp
 .text.memcpy   0x0000000000008bc2       0x12 /home/abhiarora/eclipse/Arduino/hardware/tools/gcc-arm-none-eabi-4.8.3-2014q1/bin/../lib/gcc/arm-none-eabi/4.8.3/../../../../arm-none-eabi/lib/armv6-m/libc_s.a(lib_a-memcpy-stub.o)
                0x0000000000008bc2                memcpy
 *(.init)
 .init          0x0000000000008bd4        0x4 /home/abhiarora/eclipse/Arduino/hardware/tools/gcc-arm-none-eabi-4.8.3-2014q1/bin/../lib/gcc/arm-none-eabi/4.8.3/armv6-m/crti.o
                0x0000000000008bd4                _init
 .init          0x0000000000008bd8        0x8 /home/abhiarora/eclipse/Arduino/hardware/tools/gcc-arm-none-eabi-4.8.3-2014q1/bin/../lib/gcc/arm-none-eabi/4.8.3/armv6-m/crtn.o
 *(.fini)
 .fini          0x0000000000008be0        0x4 /home/abhiarora/eclipse/Arduino/hardware/tools/gcc-arm-none-eabi-4.8.3-2014q1/bin/../lib/gcc/arm-none-eabi/4.8.3/armv6-m/crti.o
                0x0000000000008be0                _fini
 .fini          0x0000000000008be4        0x8 /home/abhiarora/eclipse/Arduino/hardware/tools/gcc-arm-none-eabi-4.8.3-2014q1/bin/../lib/gcc/arm-none-eabi/4.8.3/armv6-m/crtn.o
 *crtbegin.o(.ctors)
 *crtbegin?.o(.ctors)
 *(EXCLUDE_FILE(*crtend.o *crtend?.o) .ctors)
 *(SORT(.ctors.*))
 *(.ctors)
 *crtbegin.o(.dtors)
 *crtbegin?.o(.dtors)
 *(EXCLUDE_FILE(*crtend.o *crtend?.o) .dtors)
 *(SORT(.dtors.*))
 *(.dtors)
 *(.rodata*)
 .rodata.str1.1
                0x0000000000008bec        0x2 /home/abhiarora/eclipse/Arduino/hardware/tools/gcc-arm-none-eabi-4.8.3-2014q1/bin/../lib/gcc/arm-none-eabi/4.8.3/../../../../arm-none-eabi/lib/armv6-m/libc_s.a(lib_a-impure.o)
 *fill*         0x0000000000008bee        0x2 
 .rodata._global_impure_ptr
                0x0000000000008bf0        0x4 /home/abhiarora/eclipse/Arduino/hardware/tools/gcc-arm-none-eabi-4.8.3-2014q1/bin/../lib/gcc/arm-none-eabi/4.8.3/../../../../arm-none-eabi/lib/armv6-m/libc_s.a(lib_a-impure.o)
                0x0000000000008bf0                _global_impure_ptr
 .rodata.ble_event_dec
                0x0000000000008bf4      0x1c4 _build/ble_event.o
 .rodata.phy_events_handler
                0x0000000000008db8       0x1c _build/ser_hal_transport.o
 .rodata.hci_tx_fsm
                0x0000000000008dd4       0x18 _build/ser_phy_hci.o
 .rodata.tx_evt_queue
                0x0000000000008dec        0xc _build/ser_phy_hci.o
                0x0000000000008dec                tx_evt_queue
 .rodata.rx_evt_queue
                0x0000000000008df8        0xc _build/ser_phy_hci.o
                0x0000000000008df8                rx_evt_queue
 .rodata.comm_params
                0x0000000000008e04        0xc _build/ser_phy_hci_slip.o
 .rodata.sd_ble_evt_mailbox
                0x0000000000008e10        0xc _build/ser_softdevice_handler.o
                0x0000000000008e10                sd_ble_evt_mailbox
 .rodata        0x0000000000008e1c       0x20 _build/app_uart.o
 .rodata.m_default_config
                0x0000000000008e3c       0x20 _build/nrf_drv_uart.o
 .rodata        0x0000000000008e5c       0x24 _build/client_handling.o
 .rodata.device_manager_event_handler
                0x0000000000008e80       0x4c _build/main.o
 .rodata.m_connection_param
                0x0000000000008ecc        0x8 _build/main.o
 .rodata.str1.4
                0x0000000000008ed4        0xc _build/main.o
 .rodata.m_scan_param
                0x0000000000008ee0       0x10 _build/main.o
 .rodata.ble_db_discovery_on_ble_evt
                0x0000000000008ef0       0x90 _build/ble_db_discovery.o
 .rodata.m_service_context_apply
                0x0000000000008f80       0x10 _build/device_manager_central.o
                0x0000000000008f80                m_service_context_apply
 .rodata.m_service_context_store
                0x0000000000008f90       0x10 _build/device_manager_central.o
                0x0000000000008f90                m_service_context_store
 .rodata.m_service_context_load
                0x0000000000008fa0       0x10 _build/device_manager_central.o
                0x0000000000008fa0                m_service_context_load
 *(.eh_frame*)
 .eh_frame      0x0000000000008fb0        0x0 /home/abhiarora/eclipse/Arduino/hardware/tools/gcc-arm-none-eabi-4.8.3-2014q1/bin/../lib/gcc/arm-none-eabi/4.8.3/armv6-m/crtbegin.o
                0x0000000000008fb0                . = ALIGN (0x4)

.glue_7         0x0000000000008fb0        0x0
 .glue_7        0x0000000000000000        0x0 linker stubs

.glue_7t        0x0000000000008fb0        0x0
 .glue_7t       0x0000000000000000        0x0 linker stubs

.vfp11_veneer   0x0000000000008fb0        0x0
 .vfp11_veneer  0x0000000000000000        0x0 linker stubs

.v4_bx          0x0000000000008fb0        0x0
 .v4_bx         0x0000000000000000        0x0 linker stubs

.iplt           0x0000000000008fb0        0x0
 .iplt          0x0000000000000000        0x0 /home/abhiarora/eclipse/Arduino/hardware/tools/gcc-arm-none-eabi-4.8.3-2014q1/bin/../lib/gcc/arm-none-eabi/4.8.3/armv6-m/crtbegin.o

.ARM.extab      0x0000000000008fb0        0x0
 *(.ARM.extab* .gnu.linkonce.armextab.*)
                0x0000000000008fb0                . = ALIGN (0x4)
                0x0000000000008fb0                __exidx_start = .

.ARM.exidx      0x0000000000008fb0        0x8
 *(.ARM.exidx* .gnu.linkonce.armexidx.*)
 .ARM.exidx     0x0000000000008fb0        0x8 /home/abhiarora/eclipse/Arduino/hardware/tools/gcc-arm-none-eabi-4.8.3-2014q1/bin/../lib/gcc/arm-none-eabi/4.8.3/../../../../arm-none-eabi/lib/armv6-m/crt0.o
 .ARM.exidx     0x0000000000008fb8        0x0 _build/gcc_startup_nrf51.o
                                          0x8 (size before relaxing)
                0x0000000000008fb8                . = ALIGN (0x4)
                0x0000000000008fb8                __exidx_end = .
                0x0000000000008fb8                __etext = .

.rel.dyn        0x0000000000008fb8        0x0
 .rel.iplt      0x0000000000000000        0x0 /home/abhiarora/eclipse/Arduino/hardware/tools/gcc-arm-none-eabi-4.8.3-2014q1/bin/../lib/gcc/arm-none-eabi/4.8.3/armv6-m/crtbegin.o

.data           0x0000000020000000       0x6c load address 0x0000000000008fb8
                0x0000000020000000                __data_start__ = .
 *(vtable)
 *(.data*)
 .data.impure_data
                0x0000000020000000       0x60 /home/abhiarora/eclipse/Arduino/hardware/tools/gcc-arm-none-eabi-4.8.3-2014q1/bin/../lib/gcc/arm-none-eabi/4.8.3/../../../../arm-none-eabi/lib/armv6-m/libc_s.a(lib_a-impure.o)
 .data.m_tx_fsm_idle_flag
                0x0000000020000060        0x1 _build/ser_phy_hci.o
 .data.m_rx_fsm_idle_flag
                0x0000000020000061        0x1 _build/ser_phy_hci.o
 .data.m_hci_timer_enabled_flag
                0x0000000020000062        0x1 _build/ser_phy_hci.o
 .data.m_hci_global_enable_flag
                0x0000000020000063        0x1 _build/ser_phy_hci.o
                0x0000000020000064                . = ALIGN (0x4)
                0x0000000020000064                PROVIDE (__preinit_array_start, .)
 *(.preinit_array)
                0x0000000020000064                PROVIDE (__preinit_array_end, .)
                0x0000000020000064                . = ALIGN (0x4)
                0x0000000020000064                PROVIDE (__init_array_start, .)
 *(SORT(.init_array.*))
 *(.init_array)
 .init_array    0x0000000020000064        0x4 /home/abhiarora/eclipse/Arduino/hardware/tools/gcc-arm-none-eabi-4.8.3-2014q1/bin/../lib/gcc/arm-none-eabi/4.8.3/armv6-m/crtbegin.o
                0x0000000020000068                PROVIDE (__init_array_end, .)
                0x0000000020000068                . = ALIGN (0x4)
                0x0000000020000068                PROVIDE (__fini_array_start, .)
 *(SORT(.fini_array.*))
 *(.fini_array)
 .fini_array    0x0000000020000068        0x4 /home/abhiarora/eclipse/Arduino/hardware/tools/gcc-arm-none-eabi-4.8.3-2014q1/bin/../lib/gcc/arm-none-eabi/4.8.3/armv6-m/crtbegin.o
                0x000000002000006c                PROVIDE (__fini_array_end, .)
 *(.jcr)
 .jcr           0x000000002000006c        0x0 /home/abhiarora/eclipse/Arduino/hardware/tools/gcc-arm-none-eabi-4.8.3-2014q1/bin/../lib/gcc/arm-none-eabi/4.8.3/armv6-m/crtbegin.o
                0x000000002000006c                . = ALIGN (0x4)
                0x000000002000006c                __data_end__ = .

.igot.plt       0x000000002000006c        0x0 load address 0x0000000000009024
 .igot.plt      0x0000000000000000        0x0 /home/abhiarora/eclipse/Arduino/hardware/tools/gcc-arm-none-eabi-4.8.3-2014q1/bin/../lib/gcc/arm-none-eabi/4.8.3/armv6-m/crtbegin.o

.bss            0x000000002000006c     0x11f8 load address 0x0000000000009024
                0x000000002000006c                . = ALIGN (0x4)
                0x000000002000006c                __bss_start__ = .
 *(.bss*)
 .bss           0x000000002000006c       0x1c /home/abhiarora/eclipse/Arduino/hardware/tools/gcc-arm-none-eabi-4.8.3-2014q1/bin/../lib/gcc/arm-none-eabi/4.8.3/armv6-m/crtbegin.o
 .bss.mp_out_params
                0x0000000020000088        0xc _build/app_mw_ble.o
 .bss.m_output_params
                0x0000000020000094        0x8 _build/app_mw_ble_gap.o
 .bss.mp_out_params
                0x000000002000009c        0xc _build/app_mw_ble_gatts.o
 .bss.m_power_system_off
                0x00000000200000a8        0x1 _build/ser_app_power_system_off.o
 *fill*         0x00000000200000a9        0x3 
 .bss.m_events_handler
                0x00000000200000ac        0x4 _build/ser_hal_transport.o
 .bss.m_rx_state
                0x00000000200000b0        0x1 _build/ser_hal_transport.o
 *fill*         0x00000000200000b1        0x3 
 .bss.m_tx_buffer
                0x00000000200000b4      0x180 _build/ser_hal_transport.o
 .bss.m_rx_buffer
                0x0000000020000234      0x180 _build/ser_hal_transport.o
 .bss.m_tx_state
                0x00000000200003b4        0x1 _build/ser_hal_transport.o
 *fill*         0x00000000200003b5        0x3 
 .bss.mailbox_items_rx_evt_queue
                0x00000000200003b8      0x140 _build/ser_phy_hci.o
 .bss.m_hci_rx_fsm_state
                0x00000000200004f8        0x1 _build/ser_phy_hci.o
 *fill*         0x00000000200004f9        0x3 
 .bss.m_packet_ack_number
                0x00000000200004fc        0x4 _build/ser_phy_hci.o
 .bss.mailbox_items_tx_evt_queue
                0x0000000020000500      0x140 _build/ser_phy_hci.o
 .bss.m_tx_retry_count
                0x0000000020000640        0x4 _build/ser_phy_hci.o
 .bss.m_p_rx_buffer
                0x0000000020000644        0x4 _build/ser_phy_hci.o
 .bss.m_tx_packet_crc
                0x0000000020000648        0x4 _build/ser_phy_hci.o
 .bss.m_hci_timout_pending_flag
                0x000000002000064c        0x1 _build/ser_phy_hci.o
 .bss.m_hci_tx_fsm_state
                0x000000002000064d        0x1 _build/ser_phy_hci.o
 *fill*         0x000000002000064e        0x2 
 .bss.mailbox_cb_tx_evt_queue
                0x0000000020000650        0x4 _build/ser_phy_hci.o
 .bss.m_ser_phy_callback
                0x0000000020000654        0x4 _build/ser_phy_hci.o
 .bss.m_tx_payload_length
                0x0000000020000658        0x2 _build/ser_phy_hci.o
 .bss.m_rx_packet_length
                0x000000002000065a        0x2 _build/ser_phy_hci.o
 .bss.m_p_rx_packet
                0x000000002000065c        0x4 _build/ser_phy_hci.o
 .bss.m_buffer_reqested_flag
                0x0000000020000660        0x1 _build/ser_phy_hci.o
 *fill*         0x0000000020000661        0x3 
 .bss.m_packet_seq_number
                0x0000000020000664        0x4 _build/ser_phy_hci.o
 .bss.m_tx_ack_packet
                0x0000000020000668        0x4 _build/ser_phy_hci.o
 .bss.mailbox_cb_rx_evt_queue
                0x000000002000066c        0x4 _build/ser_phy_hci.o
 .bss.m_p_tx_payload
                0x0000000020000670        0x4 _build/ser_phy_hci.o
 .bss.m_tx_packet_header
                0x0000000020000674        0x4 _build/ser_phy_hci.o
 .bss.m_big_buffer
                0x0000000020000678      0x188 _build/ser_phy_hci_slip.o
 .bss.mp_buffer
                0x0000000020000800        0x4 _build/ser_phy_hci_slip.o
 .bss.rx_sync.5566
                0x0000000020000804        0x1 _build/ser_phy_hci_slip.o
 *fill*         0x0000000020000805        0x3 
 .bss.m_rx_index
                0x0000000020000808        0x4 _build/ser_phy_hci_slip.o
 .bss.m_rx_escape
                0x000000002000080c        0x1 _build/ser_phy_hci_slip.o
 *fill*         0x000000002000080d        0x3 
 .bss.m_payload_pending
                0x0000000020000810        0x8 _build/ser_phy_hci_slip.o
 .bss.header.5544
                0x0000000020000818        0x1 _build/ser_phy_hci_slip.o
 *fill*         0x0000000020000819        0x3 
 .bss.m_header_pending
                0x000000002000081c        0x8 _build/ser_phy_hci_slip.o
 .bss.m_rx_byte
                0x0000000020000824        0x1 _build/ser_phy_hci_slip.o
 *fill*         0x0000000020000825        0x3 
 .bss.m_crc     0x0000000020000828        0x8 _build/ser_phy_hci_slip.o
 .bss.m_tx_index
                0x0000000020000830        0x4 _build/ser_phy_hci_slip.o
 .bss.m_payload
                0x0000000020000834        0x8 _build/ser_phy_hci_slip.o
 .bss.m_small_buffer
                0x000000002000083c        0x4 _build/ser_phy_hci_slip.o
 .bss.big_buff_in_use.5568
                0x0000000020000840        0x1 _build/ser_phy_hci_slip.o
 *fill*         0x0000000020000841        0x3 
 .bss.mp_big_buffer
                0x0000000020000844        0x4 _build/ser_phy_hci_slip.o
 .bss.mp_small_buffer
                0x0000000020000848        0x4 _build/ser_phy_hci_slip.o
 .bss.crc.5546  0x000000002000084c        0x1 _build/ser_phy_hci_slip.o
 *fill*         0x000000002000084d        0x3 
 .bss.mp_data   0x0000000020000850        0x4 _build/ser_phy_hci_slip.o
 .bss.payload.5545
                0x0000000020000854        0x1 _build/ser_phy_hci_slip.o
 .bss.m_tx_busy
                0x0000000020000855        0x1 _build/ser_phy_hci_slip.o
 *fill*         0x0000000020000856        0x2 
 .bss.m_ser_phy_hci_slip_event_handler
                0x0000000020000858        0x4 _build/ser_phy_hci_slip.o
 .bss.m_other_side_active
                0x000000002000085c        0x1 _build/ser_phy_hci_slip.o
 .bss.m_tx_escape
                0x000000002000085d        0x1 _build/ser_phy_hci_slip.o
 *fill*         0x000000002000085e        0x2 
 .bss.m_crc_pending
                0x0000000020000860        0x8 _build/ser_phy_hci_slip.o
 .bss.packet_end.5548
                0x0000000020000868        0x1 _build/ser_phy_hci_slip.o
 .bss.ack_end.5547
                0x0000000020000869        0x1 _build/ser_phy_hci_slip.o
 *fill*         0x000000002000086a        0x2 
 .bss.m_ser_phy_hci_slip_event
                0x000000002000086c        0xc _build/ser_phy_hci_slip.o
 .bss.m_header  0x0000000020000878        0x8 _build/ser_phy_hci_slip.o
 .bss.m_rsp_wait
                0x0000000020000880        0x1 _build/ser_sd_transport.o
 *fill*         0x0000000020000881        0x3 
 .bss.m_os_rsp_wait_handler
                0x0000000020000884        0x4 _build/ser_sd_transport.o
 .bss.m_rsp_dec_handler
                0x0000000020000888        0x4 _build/ser_sd_transport.o
 .bss.m_evt_handler
                0x000000002000088c        0x4 _build/ser_sd_transport.o
 .bss.m_os_rsp_set_handler
                0x0000000020000890        0x4 _build/ser_sd_transport.o
 .bss.m_rx_notify_handler
                0x0000000020000894        0x4 _build/ser_sd_transport.o
 .bss.m_return_value
                0x0000000020000898        0x4 _build/ser_sd_transport.o
 .bss.m_ot_rsp_wait_handler
                0x000000002000089c        0x4 _build/ser_sd_transport.o
 .bss.mailbox_items_sd_ble_evt_mailbox
                0x00000000200008a0      0x17c _build/ser_softdevice_handler.o
 .bss.mailbox_cb_sd_ble_evt_mailbox
                0x0000000020000a1c        0x4 _build/ser_softdevice_handler.o
 .bss.m_ticks_latest
                0x0000000020000a20        0x4 _build/app_timer.o
 .bss.mp_timer_id_head
                0x0000000020000a24        0x4 _build/app_timer.o
 .bss.m_evt_schedule_func
                0x0000000020000a28        0x4 _build/app_timer.o
 .bss.m_user_array_size
                0x0000000020000a2c        0x1 _build/app_timer.o
 *fill*         0x0000000020000a2d        0x3 
 .bss.mp_users  0x0000000020000a30        0x4 _build/app_timer.o
 .bss.m_ticks_elapsed_q_read_ind
                0x0000000020000a34        0x1 _build/app_timer.o
 .bss.m_ticks_elapsed_q_write_ind
                0x0000000020000a35        0x1 _build/app_timer.o
 .bss.m_rtc1_reset
                0x0000000020000a36        0x1 _build/app_timer.o
 *fill*         0x0000000020000a37        0x1 
 .bss.m_ticks_elapsed
                0x0000000020000a38        0x8 _build/app_timer.o
 .bss.m_rtc1_running
                0x0000000020000a40        0x1 _build/app_timer.o
 *fill*         0x0000000020000a41        0x3 
 .bss.m_in_critical_region
                0x0000000020000a44        0x4 _build/app_util_platform.o
 .bss.tx_buffer
                0x0000000020000a48        0x4 _build/app_uart.o
 .bss.m_event_handler
                0x0000000020000a4c        0x4 _build/app_uart.o
 .bss.rx_buffer
                0x0000000020000a50        0x4 _build/app_uart.o
 .bss.rx_done   0x0000000020000a54        0x1 _build/app_uart.o
 .bss.m_radio_active
                0x0000000020000a55        0x1 _build/ble_flash.o
 *fill*         0x0000000020000a56        0x2 
 .bss.m_cb      0x0000000020000a58       0x18 _build/nrf_drv_uart.o
 .bss.m_app_table
                0x0000000020000a70       0x10 _build/pstorage_nosd.o
 .bss.m_next_app_instance
                0x0000000020000a80        0x4 _build/pstorage_nosd.o
 .bss.m_module_initialized
                0x0000000020000a84        0x1 _build/pstorage_nosd.o
 *fill*         0x0000000020000a85        0x3 
 .bss.m_next_page_addr
                0x0000000020000a88        0x4 _build/pstorage_nosd.o
 .bss.m_base_uuid_type
                0x0000000020000a8c        0x1 _build/client_handling.o
 .bss.m_client_count
                0x0000000020000a8d        0x1 _build/client_handling.o
 *fill*         0x0000000020000a8e        0x2 
 .bss.m_client  0x0000000020000a90      0x410 _build/client_handling.o
 .bss.m_dm_app_id
                0x0000000020000ea0        0x1 _build/main.o
 .bss.m_peer_count
                0x0000000020000ea1        0x1 _build/main.o
 .bss.m_memory_access_in_progress
                0x0000000020000ea2        0x1 _build/main.o
 *fill*         0x0000000020000ea3        0x1 
 .bss.BLE_EVT_BUFFER.7853
                0x0000000020000ea4       0x48 _build/main.o
 .bss.m_pending_user_evts
                0x0000000020000eec       0x88 _build/ble_db_discovery.o
 .bss.m_pending_usr_evt_index
                0x0000000020000f74        0x4 _build/ble_db_discovery.o
 .bss.m_registered_handlers
                0x0000000020000f78       0x10 _build/ble_db_discovery.o
 .bss.m_initialized
                0x0000000020000f88        0x1 _build/ble_db_discovery.o
 *fill*         0x0000000020000f89        0x3 
 .bss.m_num_of_handlers_reg
                0x0000000020000f8c        0x4 _build/ble_db_discovery.o
 .bss.m_module_initialized
                0x0000000020000f90        0x1 _build/device_manager_central.o
 *fill*         0x0000000020000f91        0x3 
 .bss.m_connection_table
                0x0000000020000f94       0x60 _build/device_manager_central.o
 .bss.m_peer_table
                0x0000000020000ff4       0xc0 _build/device_manager_central.o
 .bss.m_storage_handle
                0x00000000200010b4        0x8 _build/device_manager_central.o
 .bss.m_bond_table
                0x00000000200010bc       0xe0 _build/device_manager_central.o
 .bss.m_gatts_table
                0x000000002000119c       0x60 _build/device_manager_central.o
 .bss.m_peer_addr_update
                0x00000000200011fc        0x4 _build/device_manager_central.o
 .bss.m_application_table
                0x0000000020001200        0xc _build/device_manager_central.o
 .bss.m_softdevice_enabled
                0x000000002000120c        0x1 _build/softdevice_handler.o
 *fill*         0x000000002000120d        0x1 
 .bss.m_ble_evt_buffer_size
                0x000000002000120e        0x2 _build/softdevice_handler.o
 .bss.mp_ble_evt_buffer
                0x0000000020001210        0x4 _build/softdevice_handler.o
 .bss.m_sys_evt_handler
                0x0000000020001214        0x4 _build/softdevice_handler.o
 .bss.m_ble_evt_handler
                0x0000000020001218        0x4 _build/softdevice_handler.o
 .bss.m_evt_schedule_func
                0x000000002000121c        0x4 _build/softdevice_handler.o
 *(COMMON)
 COMMON         0x0000000020001220       0x38 _build/app_ble_gap_sec_keys.o
                0x0000000020001220                m_app_keys_table
 COMMON         0x0000000020001258        0xc _build/app_ble_user_mem.o
                0x0000000020001258                m_app_user_mem_table
                0x0000000020001264                . = ALIGN (0x4)
                0x0000000020001264                __bss_end__ = .

.heap           0x0000000020001268      0x800
                0x0000000020001268                __end__ = .
                0x0000000020001268                end = __end__
 *(.heap*)
 .heap          0x0000000020001268      0x800 _build/gcc_startup_nrf51.o
                0x0000000020001268                __HeapBase
                0x0000000020001a68                __HeapLimit = .

.stack_dummy    0x0000000020001268      0x800
 *(.stack*)
 .stack         0x0000000020001268      0x800 _build/gcc_startup_nrf51.o
                0x0000000020008000                __StackTop = (ORIGIN (RAM) + 0x8000)
                0x0000000020007800                __StackLimit = (__StackTop - SIZEOF (.stack_dummy))
                0x0000000020008000                PROVIDE (__stack, __StackTop)
                0x0000000000000001                ASSERT ((__StackLimit >= __HeapLimit), region RAM overflowed with stack)
OUTPUT(_build/nrf51422_xxac_s130.out elf32-littlearm)

.ARM.attributes
                0x0000000000000000       0x28
 .ARM.attributes
                0x0000000000000000       0x1e /home/abhiarora/eclipse/Arduino/hardware/tools/gcc-arm-none-eabi-4.8.3-2014q1/bin/../lib/gcc/arm-none-eabi/4.8.3/armv6-m/crti.o
 .ARM.attributes
                0x000000000000001e       0x2c /home/abhiarora/eclipse/Arduino/hardware/tools/gcc-arm-none-eabi-4.8.3-2014q1/bin/../lib/gcc/arm-none-eabi/4.8.3/armv6-m/crtbegin.o
 .ARM.attributes
                0x000000000000004a       0x1b /home/abhiarora/eclipse/Arduino/hardware/tools/gcc-arm-none-eabi-4.8.3-2014q1/bin/../lib/gcc/arm-none-eabi/4.8.3/../../../../arm-none-eabi/lib/armv6-m/crt0.o
 .ARM.attributes
                0x0000000000000065       0x2c /home/abhiarora/eclipse/Arduino/hardware/tools/gcc-arm-none-eabi-4.8.3-2014q1/bin/../lib/gcc/arm-none-eabi/4.8.3/../../../../arm-none-eabi/lib/armv6-m/libc_s.a(lib_a-exit.o)
 .ARM.attributes
                0x0000000000000091       0x2c /home/abhiarora/eclipse/Arduino/hardware/tools/gcc-arm-none-eabi-4.8.3-2014q1/bin/../lib/gcc/arm-none-eabi/4.8.3/../../../../arm-none-eabi/lib/armv6-m/libc_s.a(lib_a-impure.o)
 .ARM.attributes
                0x00000000000000bd       0x2c /home/abhiarora/eclipse/Arduino/hardware/tools/gcc-arm-none-eabi-4.8.3-2014q1/bin/../lib/gcc/arm-none-eabi/4.8.3/../../../../arm-none-eabi/lib/armv6-m/libc_s.a(lib_a-init.o)
 .ARM.attributes
                0x00000000000000e9       0x2c /home/abhiarora/eclipse/Arduino/hardware/tools/gcc-arm-none-eabi-4.8.3-2014q1/bin/../lib/gcc/arm-none-eabi/4.8.3/../../../../arm-none-eabi/lib/armv6-m/libc_s.a(lib_a-memset.o)
 .ARM.attributes
                0x0000000000000115       0x2c /home/abhiarora/eclipse/Arduino/hardware/tools/gcc-arm-none-eabi-4.8.3-2014q1/bin/../lib/gcc/arm-none-eabi/4.8.3/../../../../arm-none-eabi/lib/armv6-m/libnosys.a(_exit.o)
 .ARM.attributes
                0x0000000000000141       0x31 _build/app_ble_gap_sec_keys.o
 .ARM.attributes
                0x0000000000000172       0x31 _build/app_ble_user_mem.o
 .ARM.attributes
                0x00000000000001a3       0x31 _build/app_mw_ble.o
 .ARM.attributes
                0x00000000000001d4       0x31 _build/app_mw_ble_gap.o
 .ARM.attributes
                0x0000000000000205       0x31 _build/app_mw_ble_gattc.o
 .ARM.attributes
                0x0000000000000236       0x31 _build/app_mw_ble_gatts.o
 .ARM.attributes
                0x0000000000000267       0x31 _build/ble_enable.o
 .ARM.attributes
                0x0000000000000298       0x31 _build/ble_event.o
 .ARM.attributes
                0x00000000000002c9       0x31 _build/ble_evt_tx_complete.o
 .ARM.attributes
                0x00000000000002fa       0x31 _build/ble_evt_user_mem_release.o
 .ARM.attributes
                0x000000000000032b       0x31 _build/ble_evt_user_mem_request.o
 .ARM.attributes
                0x000000000000035c       0x31 _build/ble_gap_authenticate.o
 .ARM.attributes
                0x000000000000038d       0x31 _build/ble_gap_connect.o
 .ARM.attributes
                0x00000000000003be       0x31 _build/ble_gap_encrypt.o
 .ARM.attributes
                0x00000000000003ef       0x31 _build/ble_gap_evt_adv_report.o
 .ARM.attributes
                0x0000000000000420       0x31 _build/ble_gap_evt_auth_key_request.o
 .ARM.attributes
                0x0000000000000451       0x31 _build/ble_gap_evt_auth_status.o
 .ARM.attributes
                0x0000000000000482       0x31 _build/ble_gap_evt_conn_param_update.o
 .ARM.attributes
                0x00000000000004b3       0x31 _build/ble_gap_evt_conn_param_update_request.o
 .ARM.attributes
                0x00000000000004e4       0x31 _build/ble_gap_evt_conn_sec_update.o
 .ARM.attributes
                0x0000000000000515       0x31 _build/ble_gap_evt_connected.o
 .ARM.attributes
                0x0000000000000546       0x31 _build/ble_gap_evt_disconnected.o
 .ARM.attributes
                0x0000000000000577       0x31 _build/ble_gap_evt_passkey_display.o
 .ARM.attributes
                0x00000000000005a8       0x31 _build/ble_gap_evt_rssi_changed.o
 .ARM.attributes
                0x00000000000005d9       0x31 _build/ble_gap_evt_scan_req_report.o
 .ARM.attributes
                0x000000000000060a       0x31 _build/ble_gap_evt_sec_info_request.o
 .ARM.attributes
                0x000000000000063b       0x31 _build/ble_gap_evt_sec_params_request.o
 .ARM.attributes
                0x000000000000066c       0x31 _build/ble_gap_evt_sec_request.o
 .ARM.attributes
                0x000000000000069d       0x31 _build/ble_gap_evt_timeout.o
 .ARM.attributes
                0x00000000000006ce       0x31 _build/ble_gap_scan_start.o
 .ARM.attributes
                0x00000000000006ff       0x31 _build/ble_gap_scan_stop.o
 .ARM.attributes
                0x0000000000000730       0x31 _build/ble_gap_sec_params_reply.o
 .ARM.attributes
                0x0000000000000761       0x31 _build/ble_gap_struct_serialization.o
 .ARM.attributes
                0x0000000000000792       0x31 _build/ble_gattc_characteristics_discover.o
 .ARM.attributes
                0x00000000000007c3       0x31 _build/ble_gattc_descriptors_discover.o
 .ARM.attributes
                0x00000000000007f4       0x31 _build/ble_gattc_evt_char_disc_rsp.o
 .ARM.attributes
                0x0000000000000825       0x31 _build/ble_gattc_evt_char_val_by_uuid_read_rsp.o
 .ARM.attributes
                0x0000000000000856       0x31 _build/ble_gattc_evt_char_vals_read_rsp.o
 .ARM.attributes
                0x0000000000000887       0x31 _build/ble_gattc_evt_desc_disc_rsp.o
 .ARM.attributes
                0x00000000000008b8       0x31 _build/ble_gattc_evt_hvx.o
 .ARM.attributes
                0x00000000000008e9       0x31 _build/ble_gattc_evt_prim_srvc_disc_rsp.o
 .ARM.attributes
                0x000000000000091a       0x31 _build/ble_gattc_evt_read_rsp.o
 .ARM.attributes
                0x000000000000094b       0x31 _build/ble_gattc_evt_rel_disc_rsp.o
 .ARM.attributes
                0x000000000000097c       0x31 _build/ble_gattc_evt_timeout.o
 .ARM.attributes
                0x00000000000009ad       0x31 _build/ble_gattc_evt_write_rsp.o
 .ARM.attributes
                0x00000000000009de       0x31 _build/ble_gattc_primary_services_discover.o
 .ARM.attributes
                0x0000000000000a0f       0x31 _build/ble_gattc_struct_serialization.o
 .ARM.attributes
                0x0000000000000a40       0x31 _build/ble_gattc_write.o
 .ARM.attributes
                0x0000000000000a71       0x31 _build/ble_gatts_evt_hvc.o
 .ARM.attributes
                0x0000000000000aa2       0x31 _build/ble_gatts_evt_rw_authorize_request.o
 .ARM.attributes
                0x0000000000000ad3       0x31 _build/ble_gatts_evt_sc_confirm.o
 .ARM.attributes
                0x0000000000000b04       0x31 _build/ble_gatts_evt_sys_attr_missing.o
 .ARM.attributes
                0x0000000000000b35       0x31 _build/ble_gatts_evt_timeout.o
 .ARM.attributes
                0x0000000000000b66       0x31 _build/ble_gatts_evt_write.o
 .ARM.attributes
                0x0000000000000b97       0x31 _build/ble_gatts_struct_serialization.o
 .ARM.attributes
                0x0000000000000bc8       0x31 _build/ble_gatts_sys_attr_get.o
 .ARM.attributes
                0x0000000000000bf9       0x31 _build/ble_gatts_sys_attr_set.o
 .ARM.attributes
                0x0000000000000c2a       0x31 _build/ble_l2cap_evt_rx.o
 .ARM.attributes
                0x0000000000000c5b       0x31 _build/ble_serialization.o
 .ARM.attributes
                0x0000000000000c8c       0x31 _build/ble_struct_serialization.o
 .ARM.attributes
                0x0000000000000cbd       0x31 _build/ble_uuid_vs_add.o
 .ARM.attributes
                0x0000000000000cee       0x31 _build/cond_field_serialization.o
 .ARM.attributes
                0x0000000000000d1f       0x31 _build/ser_app_hal_nrf51.o
 .ARM.attributes
                0x0000000000000d50       0x31 _build/ser_app_power_system_off.o
 .ARM.attributes
                0x0000000000000d81       0x31 _build/ser_hal_transport.o
 .ARM.attributes
                0x0000000000000db2       0x31 _build/ser_phy_hci.o
 .ARM.attributes
                0x0000000000000de3       0x31 _build/ser_phy_hci_slip.o
 .ARM.attributes
                0x0000000000000e14       0x31 _build/ser_sd_transport.o
 .ARM.attributes
                0x0000000000000e45       0x31 _build/ser_softdevice_handler.o
 .ARM.attributes
                0x0000000000000e76       0x31 _build/app_error.o
 .ARM.attributes
                0x0000000000000ea7       0x31 _build/app_mailbox.o
 .ARM.attributes
                0x0000000000000ed8       0x31 _build/app_timer.o
 .ARM.attributes
                0x0000000000000f09       0x31 _build/app_util_platform.o
 .ARM.attributes
                0x0000000000000f3a       0x31 _build/crc16.o
 .ARM.attributes
                0x0000000000000f6b       0x31 _build/app_uart.o
 .ARM.attributes
                0x0000000000000f9c       0x31 _build/ble_flash.o
 .ARM.attributes
                0x0000000000000fcd       0x31 _build/nrf_delay.o
 .ARM.attributes
                0x0000000000000ffe       0x31 _build/nrf_drv_common.o
 .ARM.attributes
                0x000000000000102f       0x31 _build/nrf_drv_uart.o
 .ARM.attributes
                0x0000000000001060       0x31 _build/nrf_soc.o
 .ARM.attributes
                0x0000000000001091       0x31 _build/pstorage_nosd.o
 .ARM.attributes
                0x00000000000010c2       0x31 _build/client_handling.o
 .ARM.attributes
                0x00000000000010f3       0x31 _build/main.o
 .ARM.attributes
                0x0000000000001124       0x31 _build/ble_db_discovery.o
 .ARM.attributes
                0x0000000000001155       0x31 _build/device_manager_central.o
 .ARM.attributes
                0x0000000000001186       0x31 _build/system_nrf51.o
 .ARM.attributes
                0x00000000000011b7       0x31 _build/softdevice_handler.o
 .ARM.attributes
                0x00000000000011e8       0x1b _build/gcc_startup_nrf51.o
 .ARM.attributes
                0x0000000000001203       0x1e /home/abhiarora/eclipse/Arduino/hardware/tools/gcc-arm-none-eabi-4.8.3-2014q1/bin/../lib/gcc/arm-none-eabi/4.8.3/armv6-m/libgcc.a(_udivsi3.o)
 .ARM.attributes
                0x0000000000001221       0x1e /home/abhiarora/eclipse/Arduino/hardware/tools/gcc-arm-none-eabi-4.8.3-2014q1/bin/../lib/gcc/arm-none-eabi/4.8.3/armv6-m/libgcc.a(_dvmd_tls.o)
 .ARM.attributes
                0x000000000000123f       0x2c /home/abhiarora/eclipse/Arduino/hardware/tools/gcc-arm-none-eabi-4.8.3-2014q1/bin/../lib/gcc/arm-none-eabi/4.8.3/../../../../arm-none-eabi/lib/armv6-m/libc_s.a(lib_a-memcmp.o)
 .ARM.attributes
                0x000000000000126b       0x2c /home/abhiarora/eclipse/Arduino/hardware/tools/gcc-arm-none-eabi-4.8.3-2014q1/bin/../lib/gcc/arm-none-eabi/4.8.3/../../../../arm-none-eabi/lib/armv6-m/libc_s.a(lib_a-memcpy-stub.o)
 .ARM.attributes
                0x0000000000001297       0x1e /home/abhiarora/eclipse/Arduino/hardware/tools/gcc-arm-none-eabi-4.8.3-2014q1/bin/../lib/gcc/arm-none-eabi/4.8.3/armv6-m/crtn.o

.comment        0x0000000000000000       0x80
 .comment       0x0000000000000000       0x80 _build/app_ble_gap_sec_keys.o
                                         0x81 (size before relaxing)
 .comment       0x0000000000000000       0x81 _build/app_ble_user_mem.o
 .comment       0x0000000000000000       0x81 _build/app_mw_ble.o
 .comment       0x0000000000000000       0x81 _build/app_mw_ble_gap.o
 .comment       0x0000000000000000       0x81 _build/app_mw_ble_gattc.o
 .comment       0x0000000000000000       0x81 _build/app_mw_ble_gatts.o
 .comment       0x0000000000000000       0x81 _build/ble_enable.o
 .comment       0x0000000000000000       0x81 _build/ble_event.o
 .comment       0x0000000000000000       0x81 _build/ble_evt_tx_complete.o
 .comment       0x0000000000000000       0x81 _build/ble_evt_user_mem_release.o
 .comment       0x0000000000000000       0x81 _build/ble_evt_user_mem_request.o
 .comment       0x0000000000000000       0x81 _build/ble_gap_authenticate.o
 .comment       0x0000000000000000       0x81 _build/ble_gap_connect.o
 .comment       0x0000000000000000       0x81 _build/ble_gap_encrypt.o
 .comment       0x0000000000000000       0x81 _build/ble_gap_evt_adv_report.o
 .comment       0x0000000000000000       0x81 _build/ble_gap_evt_auth_key_request.o
 .comment       0x0000000000000000       0x81 _build/ble_gap_evt_auth_status.o
 .comment       0x0000000000000000       0x81 _build/ble_gap_evt_conn_param_update.o
 .comment       0x0000000000000000       0x81 _build/ble_gap_evt_conn_param_update_request.o
 .comment       0x0000000000000000       0x81 _build/ble_gap_evt_conn_sec_update.o
 .comment       0x0000000000000000       0x81 _build/ble_gap_evt_connected.o
 .comment       0x0000000000000000       0x81 _build/ble_gap_evt_disconnected.o
 .comment       0x0000000000000000       0x81 _build/ble_gap_evt_passkey_display.o
 .comment       0x0000000000000000       0x81 _build/ble_gap_evt_rssi_changed.o
 .comment       0x0000000000000000       0x81 _build/ble_gap_evt_scan_req_report.o
 .comment       0x0000000000000000       0x81 _build/ble_gap_evt_sec_info_request.o
 .comment       0x0000000000000000       0x81 _build/ble_gap_evt_sec_params_request.o
 .comment       0x0000000000000000       0x81 _build/ble_gap_evt_sec_request.o
 .comment       0x0000000000000000       0x81 _build/ble_gap_evt_timeout.o
 .comment       0x0000000000000000       0x81 _build/ble_gap_scan_start.o
 .comment       0x0000000000000000       0x81 _build/ble_gap_scan_stop.o
 .comment       0x0000000000000000       0x81 _build/ble_gap_sec_params_reply.o
 .comment       0x0000000000000000       0x81 _build/ble_gap_struct_serialization.o
 .comment       0x0000000000000000       0x81 _build/ble_gattc_characteristics_discover.o
 .comment       0x0000000000000000       0x81 _build/ble_gattc_descriptors_discover.o
 .comment       0x0000000000000000       0x81 _build/ble_gattc_evt_char_disc_rsp.o
 .comment       0x0000000000000000       0x81 _build/ble_gattc_evt_char_val_by_uuid_read_rsp.o
 .comment       0x0000000000000000       0x81 _build/ble_gattc_evt_char_vals_read_rsp.o
 .comment       0x0000000000000000       0x81 _build/ble_gattc_evt_desc_disc_rsp.o
 .comment       0x0000000000000000       0x81 _build/ble_gattc_evt_hvx.o
 .comment       0x0000000000000000       0x81 _build/ble_gattc_evt_prim_srvc_disc_rsp.o
 .comment       0x0000000000000000       0x81 _build/ble_gattc_evt_read_rsp.o
 .comment       0x0000000000000000       0x81 _build/ble_gattc_evt_rel_disc_rsp.o
 .comment       0x0000000000000000       0x81 _build/ble_gattc_evt_timeout.o
 .comment       0x0000000000000000       0x81 _build/ble_gattc_evt_write_rsp.o
 .comment       0x0000000000000000       0x81 _build/ble_gattc_primary_services_discover.o
 .comment       0x0000000000000000       0x81 _build/ble_gattc_struct_serialization.o
 .comment       0x0000000000000000       0x81 _build/ble_gattc_write.o
 .comment       0x0000000000000000       0x81 _build/ble_gatts_evt_hvc.o
 .comment       0x0000000000000000       0x81 _build/ble_gatts_evt_rw_authorize_request.o
 .comment       0x0000000000000000       0x81 _build/ble_gatts_evt_sc_confirm.o
 .comment       0x0000000000000000       0x81 _build/ble_gatts_evt_sys_attr_missing.o
 .comment       0x0000000000000000       0x81 _build/ble_gatts_evt_timeout.o
 .comment       0x0000000000000000       0x81 _build/ble_gatts_evt_write.o
 .comment       0x0000000000000000       0x81 _build/ble_gatts_struct_serialization.o
 .comment       0x0000000000000000       0x81 _build/ble_gatts_sys_attr_get.o
 .comment       0x0000000000000000       0x81 _build/ble_gatts_sys_attr_set.o
 .comment       0x0000000000000000       0x81 _build/ble_l2cap_evt_rx.o
 .comment       0x0000000000000000       0x81 _build/ble_serialization.o
 .comment       0x0000000000000000       0x81 _build/ble_struct_serialization.o
 .comment       0x0000000000000000       0x81 _build/ble_uuid_vs_add.o
 .comment       0x0000000000000000       0x81 _build/cond_field_serialization.o
 .comment       0x0000000000000000       0x81 _build/ser_app_hal_nrf51.o
 .comment       0x0000000000000000       0x81 _build/ser_app_power_system_off.o
 .comment       0x0000000000000000       0x81 _build/ser_hal_transport.o
 .comment       0x0000000000000000       0x81 _build/ser_phy_hci.o
 .comment       0x0000000000000000       0x81 _build/ser_phy_hci_slip.o
 .comment       0x0000000000000000       0x81 _build/ser_sd_transport.o
 .comment       0x0000000000000000       0x81 _build/ser_softdevice_handler.o
 .comment       0x0000000000000000       0x81 _build/app_error.o
 .comment       0x0000000000000000       0x81 _build/app_mailbox.o
 .comment       0x0000000000000000       0x81 _build/app_timer.o
 .comment       0x0000000000000000       0x81 _build/app_util_platform.o
 .comment       0x0000000000000000       0x81 _build/crc16.o